<html>
<body>
<pre>
<h1>µVision Build Log</h1>
<h2>Tool Versions:</h2>
IDE-Version: ¶ÃVision V5.37.0.0
Copyright (C) 2022 ARM Ltd and ARM Germany GmbH. All rights reserved.
License Information: 11 »À…˙, 11, LIC=----
 
Tool Versions:
Toolchain:       MDK-Lite  Version: 5.37.0.0
Toolchain Path:  D:\software\KEIL5\ARM\ARMCLANG\Bin
C Compiler:      ArmClang.exe V6.18
Assembler:       Armasm.exe V6.18
Linker/Locator:  ArmLink.exe V6.18
Library Manager: ArmAr.exe V6.18
Hex Converter:   FromElf.exe V6.18
CPU DLL:         
Dialog DLL:      
Target DLL:      CMSIS_AGDI_V8M.DLL V1.7.17.0
Dialog DLL:      TCM.DLL V1.56.1.0
 
<h2>Project:</h2>
D:\SJTU\test\test\E01_01_button_switch_buzzer_demo\mdk\mm32f527x_e9p.uvprojx
Project File Date:  07/22/2023

<h2>Output:</h2>
*** Using Compiler 'V6.18', folder: 'D:\software\KEIL5\ARM\ARMCLANG\Bin'
Build target 'mm32f527x_e9p_project'
compiling main.c...
linking...
Program Size: Code=24436 RO-data=3916 RW-data=140 ZI-data=9000  
".\Objects\mm32f527x_e9p.axf" - 0 Error(s), 0 Warning(s).

<h2>Software Packages used:</h2>

Package Vendor: MindMotion
                http://www.mindmotion.com.cn/Download/MDK_KEIL/MindMotion.MM32F5277E_DFP.0.0.8.pack
                MindMotion.MM32F5277E_DFP.0.0.8
                MindMotion MM32F5270 Series Device Support, Drivers and Examples

<h2>Collection of Component include folders:</h2>
  D:/software/KEIL5/ARM/PACK/MindMotion/MM32F5277E_DFP/0.0.8/Device/MM32F5277E

<h2>Collection of Component Files used:</h2>
Build Time Elapsed:  00:00:02
</pre>
</body>
</html>
