Component: Arm Compiler for Embedded 6.18 Tool: armlink [5e4cc100]

==============================================================================

Section Cross References

    isr.o(.text.TIM1_UP_IRQHandler) refers to hal_tim.o(.text.TIM_GetInterruptStatus) for TIM_GetInterruptStatus
    isr.o(.text.TIM1_UP_IRQHandler) refers to hal_tim.o(.text.TIM_ClearInterruptStatus) for TIM_ClearInterruptStatus
    isr.o(.ARM.exidx.text.TIM1_UP_IRQHandler) refers to isr.o(.text.TIM1_UP_IRQHandler) for [Anonymous Symbol]
    isr.o(.text.TIM2_IRQHandler) refers to hal_tim.o(.text.TIM_GetInterruptStatus) for TIM_GetInterruptStatus
    isr.o(.text.TIM2_IRQHandler) refers to hal_tim.o(.text.TIM_ClearInterruptStatus) for TIM_ClearInterruptStatus
    isr.o(.ARM.exidx.text.TIM2_IRQHandler) refers to isr.o(.text.TIM2_IRQHandler) for [Anonymous Symbol]
    isr.o(.text.TIM3_IRQHandler) refers to hal_tim.o(.text.TIM_GetInterruptStatus) for TIM_GetInterruptStatus
    isr.o(.text.TIM3_IRQHandler) refers to hal_tim.o(.text.TIM_ClearInterruptStatus) for TIM_ClearInterruptStatus
    isr.o(.ARM.exidx.text.TIM3_IRQHandler) refers to isr.o(.text.TIM3_IRQHandler) for [Anonymous Symbol]
    isr.o(.text.TIM4_IRQHandler) refers to hal_tim.o(.text.TIM_GetInterruptStatus) for TIM_GetInterruptStatus
    isr.o(.text.TIM4_IRQHandler) refers to hal_tim.o(.text.TIM_ClearInterruptStatus) for TIM_ClearInterruptStatus
    isr.o(.ARM.exidx.text.TIM4_IRQHandler) refers to isr.o(.text.TIM4_IRQHandler) for [Anonymous Symbol]
    isr.o(.text.TIM5_IRQHandler) refers to hal_tim.o(.text.TIM_GetInterruptStatus) for TIM_GetInterruptStatus
    isr.o(.text.TIM5_IRQHandler) refers to hal_tim.o(.text.TIM_ClearInterruptStatus) for TIM_ClearInterruptStatus
    isr.o(.ARM.exidx.text.TIM5_IRQHandler) refers to isr.o(.text.TIM5_IRQHandler) for [Anonymous Symbol]
    isr.o(.text.TIM6_IRQHandler) refers to hal_tim.o(.text.TIM_GetInterruptStatus) for TIM_GetInterruptStatus
    isr.o(.text.TIM6_IRQHandler) refers to hal_tim.o(.text.TIM_ClearInterruptStatus) for TIM_ClearInterruptStatus
    isr.o(.ARM.exidx.text.TIM6_IRQHandler) refers to isr.o(.text.TIM6_IRQHandler) for [Anonymous Symbol]
    isr.o(.text.TIM7_IRQHandler) refers to hal_tim.o(.text.TIM_GetInterruptStatus) for TIM_GetInterruptStatus
    isr.o(.text.TIM7_IRQHandler) refers to hal_tim.o(.text.TIM_ClearInterruptStatus) for TIM_ClearInterruptStatus
    isr.o(.ARM.exidx.text.TIM7_IRQHandler) refers to isr.o(.text.TIM7_IRQHandler) for [Anonymous Symbol]
    isr.o(.text.TIM8_UP_IRQHandler) refers to hal_tim.o(.text.TIM_GetInterruptStatus) for TIM_GetInterruptStatus
    isr.o(.text.TIM8_UP_IRQHandler) refers to hal_tim.o(.text.TIM_ClearInterruptStatus) for TIM_ClearInterruptStatus
    isr.o(.ARM.exidx.text.TIM8_UP_IRQHandler) refers to isr.o(.text.TIM8_UP_IRQHandler) for [Anonymous Symbol]
    isr.o(.text.UART1_IRQHandler) refers to hal_uart.o(.text.UART_GetInterruptStatus) for UART_GetInterruptStatus
    isr.o(.text.UART1_IRQHandler) refers to hal_uart.o(.text.UART_ClearInterruptStatus) for UART_ClearInterruptStatus
    isr.o(.ARM.exidx.text.UART1_IRQHandler) refers to isr.o(.text.UART1_IRQHandler) for [Anonymous Symbol]
    isr.o(.text.UART2_IRQHandler) refers to hal_uart.o(.text.UART_GetInterruptStatus) for UART_GetInterruptStatus
    isr.o(.text.UART2_IRQHandler) refers to hal_uart.o(.text.UART_ClearInterruptStatus) for UART_ClearInterruptStatus
    isr.o(.ARM.exidx.text.UART2_IRQHandler) refers to isr.o(.text.UART2_IRQHandler) for [Anonymous Symbol]
    isr.o(.text.UART3_IRQHandler) refers to hal_uart.o(.text.UART_GetInterruptStatus) for UART_GetInterruptStatus
    isr.o(.text.UART3_IRQHandler) refers to hal_uart.o(.text.UART_ClearInterruptStatus) for UART_ClearInterruptStatus
    isr.o(.ARM.exidx.text.UART3_IRQHandler) refers to isr.o(.text.UART3_IRQHandler) for [Anonymous Symbol]
    isr.o(.text.UART4_IRQHandler) refers to hal_uart.o(.text.UART_GetInterruptStatus) for UART_GetInterruptStatus
    isr.o(.text.UART4_IRQHandler) refers to hal_uart.o(.text.UART_ClearInterruptStatus) for UART_ClearInterruptStatus
    isr.o(.text.UART4_IRQHandler) refers to zf_device_gps_tau1201.o(.text.gps_uart_callback) for gps_uart_callback
    isr.o(.ARM.exidx.text.UART4_IRQHandler) refers to isr.o(.text.UART4_IRQHandler) for [Anonymous Symbol]
    isr.o(.text.UART5_IRQHandler) refers to hal_uart.o(.text.UART_GetInterruptStatus) for UART_GetInterruptStatus
    isr.o(.text.UART5_IRQHandler) refers to hal_uart.o(.text.UART_ClearInterruptStatus) for UART_ClearInterruptStatus
    isr.o(.text.UART5_IRQHandler) refers to lm386.o(.text.Recv) for Recv
    isr.o(.text.UART5_IRQHandler) refers to main.o(.bss.recv_buf) for recv_buf
    isr.o(.ARM.exidx.text.UART5_IRQHandler) refers to isr.o(.text.UART5_IRQHandler) for [Anonymous Symbol]
    isr.o(.text.UART6_IRQHandler) refers to hal_uart.o(.text.UART_GetInterruptStatus) for UART_GetInterruptStatus
[...]
    [Anonymous Symbol]                       0x0800257c   Section        0  isr.o(.text.TIM5_IRQHandler)
    [Anonymous Symbol]                       0x0800259c   Section        0  isr.o(.text.TIM6_IRQHandler)
    [Anonymous Symbol]                       0x080025bc   Section        0  isr.o(.text.TIM7_IRQHandler)
    [Anonymous Symbol]                       0x080025dc   Section        0  isr.o(.text.TIM8_UP_IRQHandler)
    [Anonymous Symbol]                       0x080025fc   Section        0  hal_tim.o(.text.TIM_ClearInterruptStatus)
    [Anonymous Symbol]                       0x08002610   Section        0  hal_tim.o(.text.TIM_DoSwTrigger)
    [Anonymous Symbol]                       0x08002620   Section        0  hal_tim.o(.text.TIM_EnableCompOutput)
    [Anonymous Symbol]                       0x080026c4   Section        0  hal_tim.o(.text.TIM_EnableOutputCompare)
    [Anonymous Symbol]                       0x08002774   Section        0  hal_tim.o(.text.TIM_EnableOutputCompareSwitch)
    [Anonymous Symbol]                       0x080027a4   Section        0  hal_tim.o(.text.TIM_GetCounterValue)
    [Anonymous Symbol]                       0x080027b0   Section        0  hal_tim.o(.text.TIM_GetInterruptStatus)
    [Anonymous Symbol]                       0x080027bc   Section        0  hal_tim.o(.text.TIM_Init)
    [Anonymous Symbol]                       0x08002888   Section        0  hal_tim.o(.text.TIM_PutChannelValue)
    [Anonymous Symbol]                       0x080028b4   Section        0  hal_tim.o(.text.TIM_Start)
    [Anonymous Symbol]                       0x080028c8   Section        0  isr.o(.text.UART1_IRQHandler)
    [Anonymous Symbol]                       0x08002914   Section        0  isr.o(.text.UART2_IRQHandler)
    [Anonymous Symbol]                       0x08002960   Section        0  isr.o(.text.UART3_IRQHandler)
    [Anonymous Symbol]                       0x080029ac   Section        0  isr.o(.text.UART4_IRQHandler)
    [Anonymous Symbol]                       0x080029fc   Section        0  isr.o(.text.UART5_IRQHandler)
    [Anonymous Symbol]                       0x08002a54   Section        0  isr.o(.text.UART6_IRQHandler)
    [Anonymous Symbol]                       0x08002b08   Section        0  isr.o(.text.UART7_IRQHandler)
    [Anonymous Symbol]                       0x08002b54   Section        0  hal_uart.o(.text.UART_ClearInterruptStatus)
    [Anonymous Symbol]                       0x08002b64   Section        0  hal_uart.o(.text.UART_Enable)
    [Anonymous Symbol]                       0x08002b94   Section        0  hal_uart.o(.text.UART_EnableInterrupts)
    [Anonymous Symbol]                       0x08002bc4   Section        0  hal_uart.o(.text.UART_GetData)
    [Anonymous Symbol]                       0x08002bd4   Section        0  hal_uart.o(.text.UART_GetInterruptStatus)
    [Anonymous Symbol]                       0x08002be0   Section        0  hal_uart.o(.text.UART_GetStatus)
    [Anonymous Symbol]                       0x08002bec   Section        0  hal_uart.o(.text.UART_Init)
    [Anonymous Symbol]                       0x08002ccc   Section        0  hal_uart.o(.text.UART_PutData)
    _TIM_WriteChannelCtrlReg                 0x08002ce1   Thumb Code   126  hal_tim.o(.text._TIM_WriteChannelCtrlReg)
    [Anonymous Symbol]                       0x08002ce0   Section        0  hal_tim.o(.text._TIM_WriteChannelCtrlReg)
    __NVIC_DisableIRQ                        0x08002d61   Thumb Code    56  zf_common_interrupt.o(.text.__NVIC_DisableIRQ)
    [Anonymous Symbol]                       0x08002d60   Section        0  zf_common_interrupt.o(.text.__NVIC_DisableIRQ)
    __NVIC_EnableIRQ                         0x08002d99   Thumb Code    48  zf_common_interrupt.o(.text.__NVIC_EnableIRQ)
    [Anonymous Symbol]                       0x08002d98   Section        0  zf_common_interrupt.o(.text.__NVIC_EnableIRQ)
    __NVIC_SetPriorityGrouping               0x08002dc9   Thumb Code    60  zf_common_interrupt.o(.text.__NVIC_SetPriorityGrouping)
    [Anonymous Symbol]                       0x08002dc8   Section        0  zf_common_interrupt.o(.text.__NVIC_SetPriorityGrouping)
    [Anonymous Symbol]                       0x08002e04   Section        0  zf_driver_gpio.o(.text.afio_init)
    [Anonymous Symbol]                       0x08002f4c   Section        0  zf_common_clock.o(.text.clock_init)
    clock_reset                              0x08002f69   Thumb Code   116  zf_common_clock.o(.text.clock_reset)
    [Anonymous Symbol]                       0x08002f68   Section        0  zf_common_clock.o(.text.clock_reset)
    clock_set_freq                           0x08002fdd   Thumb Code  1384  zf_common_clock.o(.text.clock_set_freq)
    [Anonymous Symbol]                       0x08002fdc   Section        0  zf_common_clock.o(.text.clock_set_freq)
    [Anonymous Symbol]                       0x08003544   Section        0  zf_common_debug.o(.text.debug_assert_handler)
    debug_delay                              0x080035b1   Thumb Code    64  zf_common_debug.o(.text.debug_delay)
    [Anonymous Symbol]                       0x080035b0   Section        0  zf_common_debug.o(.text.debug_delay)
    [Anonymous Symbol]                       0x080035f0   Section        0  zf_common_debug.o(.text.debug_init)
    debug_output                             0x08003625   Thumb Code   944  zf_common_debug.o(.text.debug_output)
    [Anonymous Symbol]                       0x08003624   Section        0  zf_common_debug.o(.text.debug_output)
    [Anonymous Symbol]                       0x080039d4   Section        0  zf_common_debug.o(.text.debug_output_init)
    [Anonymous Symbol]                       0x08003a20   Section        0  zf_common_debug.o(.text.debug_output_struct_init)
    debug_protective_handler                 0x08003a51   Thumb Code   250  zf_common_debug.o(.text.debug_protective_handler)
    [Anonymous Symbol]                       0x08003a50   Section        0  zf_common_debug.o(.text.debug_protective_handler)
    debug_uart_str_output                    0x08003b4d   Thumb Code    18  zf_common_debug.o(.text.debug_uart_str_output)
    [Anonymous Symbol]                       0x08003b4c   Section        0  zf_common_debug.o(.text.debug_uart_str_output)
    [Anonymous Symbol]                       0x08003b60   Section        0  zf_device_dm1xa.o(.text.dm1xa_light_callback)
    [Anonymous Symbol]                       0x08003ba0   Section        0  zf_device_dm1xa.o(.text.dm1xa_sound_callback)
    [Anonymous Symbol]                       0x08003cb8   Section        0  zf_common_fifo.o(.text.fifo_clear)
    fifo_end_offset                          0x08003d61   Thumb Code    46  zf_common_fifo.o(.text.fifo_end_offset)
    [Anonymous Symbol]                       0x08003d60   Section        0  zf_common_fifo.o(.text.fifo_end_offset)
    fifo_head_offset                         0x08003d91   Thumb Code    46  zf_common_fifo.o(.text.fifo_head_offset)
    [Anonymous Symbol]                       0x08003d90   Section        0  zf_common_fifo.o(.text.fifo_head_offset)
    [Anonymous Symbol]                       0x08003dc0   Section        0  zf_common_fifo.o(.text.fifo_init)
    [Anonymous Symbol]                       0x08003e30   Section        0  zf_common_fifo.o(.text.fifo_read_buffer)
    [Anonymous Symbol]                       0x08004020   Section        0  zf_common_fifo.o(.text.fifo_used)
    [Anonymous Symbol]                       0x08004048   Section        0  zf_common_fifo.o(.text.fifo_write_buffer)
    [Anonymous Symbol]                       0x08004244   Section        0  zf_common_debug.o(.text.fputc)
    [Anonymous Symbol]                       0x0800426c   Section        0  zf_common_function.o(.text.func_get_greatest_common_divisor)
    [Anonymous Symbol]                       0x080042b0   Section        0  zf_common_function.o(.text.func_str_to_double)
    [Anonymous Symbol]                       0x080044e0   Section        0  zf_common_function.o(.text.func_str_to_hex)
    [Anonymous Symbol]                       0x080045f0   Section        0  zf_common_function.o(.text.func_str_to_int)
    get_double_number                        0x080046ad   Thumb Code    80  zf_device_gps_tau1201.o(.text.get_double_number)
    [Anonymous Symbol]                       0x080046ac   Section        0  zf_device_gps_tau1201.o(.text.get_double_number)
    get_float_number                         0x080046fd   Thumb Code    84  zf_device_gps_tau1201.o(.text.get_float_number)
    [Anonymous Symbol]                       0x080046fc   Section        0  zf_device_gps_tau1201.o(.text.get_float_number)
    get_int_number                           0x08004751   Thumb Code    76  zf_device_gps_tau1201.o(.text.get_int_number)
    [Anonymous Symbol]                       0x08004750   Section        0  zf_device_gps_tau1201.o(.text.get_int_number)
    get_parameter_index                      0x0800479d   Thumb Code   160  zf_device_gps_tau1201.o(.text.get_parameter_index)
    [Anonymous Symbol]                       0x0800479c   Section        0  zf_device_gps_tau1201.o(.text.get_parameter_index)
    [Anonymous Symbol]                       0x0800483c   Section        0  zf_driver_gpio.o(.text.gpio_get_level)
    [Anonymous Symbol]                       0x0800486c   Section        0  zf_driver_gpio.o(.text.gpio_init)
    [Anonymous Symbol]                       0x080049f4   Section        0  zf_driver_gpio.o(.text.gpio_set_level)
    [Anonymous Symbol]                       0x08004a54   Section        0  zf_device_gps_tau1201.o(.text.gps_data_parse)
    gps_gngga_parse                          0x08004c0d   Thumb Code   156  zf_device_gps_tau1201.o(.text.gps_gngga_parse)
    [Anonymous Symbol]                       0x08004c0c   Section        0  zf_device_gps_tau1201.o(.text.gps_gngga_parse)
    gps_gnrmc_parse                          0x08004ca9   Thumb Code  1068  zf_device_gps_tau1201.o(.text.gps_gnrmc_parse)
    [Anonymous Symbol]                       0x08004ca8   Section        0  zf_device_gps_tau1201.o(.text.gps_gnrmc_parse)
    [Anonymous Symbol]                       0x080050d4   Section        0  zf_device_gps_tau1201.o(.text.gps_init)
    [Anonymous Symbol]                       0x08005124   Section        0  zf_device_gps_tau1201.o(.text.gps_uart_callback)
    [Anonymous Symbol]                       0x08005260   Section        0  motor.o(.text.inigpio)
    [Anonymous Symbol]                       0x080052f8   Section        0  zf_common_interrupt.o(.text.interrupt_disable)
    [Anonymous Symbol]                       0x0800530c   Section        0  zf_common_interrupt.o(.text.interrupt_enable)
    [Anonymous Symbol]                       0x08005320   Section        0  zf_common_interrupt.o(.text.interrupt_global_disable)
    [Anonymous Symbol]                       0x08005344   Section        0  zf_common_interrupt.o(.text.interrupt_init)
    [Anonymous Symbol]                       0x08005350   Section        0  main.o(.text.main)
    [Anonymous Symbol]                       0x080053d4   Section        0  main.o(.text.mode_gps)
    [Anonymous Symbol]                       0x08005424   Section        0  zf_driver_pwm.o(.text.pwm_init)
    [Anonymous Symbol]                       0x080056c4   Section        0  zf_driver_pwm.o(.text.pwm_set_duty)
    [Anonymous Symbol]                       0x08005820   Section        0  zf_driver_delay.o(.text.system_delay_init)
    [Anonymous Symbol]                       0x0800585c   Section        0  zf_driver_delay.o(.text.system_delay_ms)
    [Anonymous Symbol]                       0x080058e0   Section        0  main.o(.text.system_init)
    [Anonymous Symbol]                       0x08005938   Section        0  zf_driver_timer.o(.text.timer_clear)
    [Anonymous Symbol]                       0x080059dc   Section        0  zf_driver_timer.o(.text.timer_clock_enable)
    [Anonymous Symbol]                       0x08005a54   Section        0  zf_driver_timer.o(.text.timer_funciton_check)
    [Anonymous Symbol]                       0x08005abc   Section        0  zf_driver_timer.o(.text.timer_get)
    type_default_callback                    0x08005b9d   Thumb Code     2  zf_device_type.o(.text.type_default_callback)
    [Anonymous Symbol]                       0x08005b9c   Section        0  zf_device_type.o(.text.type_default_callback)
    [Anonymous Symbol]                       0x08005ba0   Section        0  uart_esp32.o(.text.uart_esp32_read)
    [Anonymous Symbol]                       0x08005bac   Section        0  zf_driver_uart.o(.text.uart_init)
    [Anonymous Symbol]                       0x08005ca4   Section        0  zf_driver_uart.o(.text.uart_query_byte)
    [Anonymous Symbol]                       0x08005d10   Section        0  zf_driver_uart.o(.text.uart_read_byte)
    [Anonymous Symbol]                       0x08005d50   Section        0  zf_driver_uart.o(.text.uart_rx_interrupt)
    [Anonymous Symbol]                       0x08005de0   Section        0  zf_driver_uart.o(.text.uart_write_byte)
    [Anonymous Symbol]                       0x08005e28   Section        0  zf_driver_uart.o(.text.uart_write_string)
    utc_to_btc                               0x08005e69   Thumb Code   290  zf_device_gps_tau1201.o(.text.utc_to_btc)
    [Anonymous Symbol]                       0x08005e68   Section        0  zf_device_gps_tau1201.o(.text.utc_to_btc)
    i.__0printf                              0x08005f8c   Section        0  printfa.o(i.__0printf)
    i.__0sprintf                             0x08005fac   Section        0  printfa.o(i.__0sprintf)
    i.__scatterload_copy                     0x08005fd4   Section       14  handlers.o(i.__scatterload_copy)
    i.__scatterload_null                     0x08005fe2   Section        2  handlers.o(i.__scatterload_null)
    i.__scatterload_zeroinit                 0x08005fe4   Section       14  handlers.o(i.__scatterload_zeroinit)
    _fp_digits                               0x08005ff5   Thumb Code   366  printfa.o(i._fp_digits)
    i._fp_digits                             0x08005ff4   Section        0  printfa.o(i._fp_digits)
    _printf_core                             0x08006179   Thumb Code  1744  printfa.o(i._printf_core)
    i._printf_core                           0x08006178   Section        0  printfa.o(i._printf_core)
    _printf_post_padding                     0x08006855   Thumb Code    36  printfa.o(i._printf_post_padding)
    i._printf_post_padding                   0x08006854   Section        0  printfa.o(i._printf_post_padding)
    _printf_pre_padding                      0x08006879   Thumb Code    46  printfa.o(i._printf_pre_padding)
    i._printf_pre_padding                    0x08006878   Section        0  printfa.o(i._printf_pre_padding)
    _sputc                                   0x080068a7   Thumb Code    10  printfa.o(i._sputc)
    i._sputc                                 0x080068a6   Section        0  printfa.o(i._sputc)
    .L__const.debug_protective_handler.pin_list 0x080068b0   Data         316  zf_common_debug.o(.rodata..L__const.debug_protective_handler.pin_list)
    .L.str                                   0x080069ec   Data          15  main.o(.rodata.str1.1)
    [Anonymous Symbol]                       0x080069ec   Section        0  main.o(.rodata.str1.1)
    .L.str                                   0x080069f9   Data           2  main.o(.rodata.str1.1)
    .L.str.11                                0x080069fb   Data           4  main.o(.rodata.str1.1)
    .L.str.1                                 0x080069ff   Data          14  main.o(.rodata.str1.1)
    .L.str.2                                 0x08006a09   Data           5  main.o(.rodata.str1.1)
    .L.str.24                                0x08006a0d   Data          43  onenet.o(.rodata.str1.1)
    [Anonymous Symbol]                       0x08006a0d   Section        0  onenet.o(.rodata.str1.1)
    .L.str.3                                 0x08006a0e   Data           2  main.o(.rodata.str1.1)
    .L.str.4                                 0x08006a10   Data           2  main.o(.rodata.str1.1)
    .L.str.5                                 0x08006a12   Data           4  main.o(.rodata.str1.1)
    .L.str.6                                 0x08006a16   Data           5  main.o(.rodata.str1.1)
    .L.str.7                                 0x08006a1b   Data           2  main.o(.rodata.str1.1)
    .L.str.8                                 0x08006a1d   Data           3  main.o(.rodata.str1.1)
    .L.str.9                                 0x08006a20   Data           5  main.o(.rodata.str1.1)
    .L.str.10                                0x08006a25   Data           5  main.o(.rodata.str1.1)
    .L.str.21                                0x08006a38   Data          42  onenet.o(.rodata.str1.1)
    .L.str.32                                0x08006a62   Data         140  onenet.o(.rodata.str1.1)
    .L.str.30                                0x08006aee   Data          22  onenet.o(.rodata.str1.1)
    .L.str.18                                0x08006b04   Data          16  onenet.o(.rodata.str1.1)
    .L.str.27                                0x08006b14   Data          28  onenet.o(.rodata.str1.1)
    .L.str.15                                0x08006b30   Data          14  onenet.o(.rodata.str1.1)
    .L.str.29                                0x08006b3e   Data          12  onenet.o(.rodata.str1.1)
    .L.str.14                                0x08006b4a   Data          12  onenet.o(.rodata.str1.1)
    .L.str.23                                0x08006b56   Data          16  onenet.o(.rodata.str1.1)
    .L.str.26                                0x08006b66   Data          13  onenet.o(.rodata.str1.1)
    .L.str.20                                0x08006b73   Data          11  onenet.o(.rodata.str1.1)
    .L.str.17                                0x08006b7e   Data          15  onenet.o(.rodata.str1.1)
    .L.str.10                                0x08006b8d   Data           8  onenet.o(.rodata.str1.1)
    .L.str.11                                0x08006b90   Data           5  onenet.o(.rodata.str1.1)
    .L.str.33                                0x08006b95   Data          20  onenet.o(.rodata.str1.1)
    .L.str.9                                 0x08006ba9   Data          20  onenet.o(.rodata.str1.1)
    .L.str.13                                0x08006bbd   Data          18  onenet.o(.rodata.str1.1)
    .L.str.16                                0x08006bcf   Data          19  onenet.o(.rodata.str1.1)
    .L.str.19                                0x08006be2   Data          18  onenet.o(.rodata.str1.1)
    .L.str.22                                0x08006bf4   Data          18  onenet.o(.rodata.str1.1)
    .L.str.25                                0x08006c06   Data          18  onenet.o(.rodata.str1.1)
    .L.str.28                                0x08006c18   Data          18  onenet.o(.rodata.str1.1)
    .L.str.31                                0x08006c2a   Data          18  onenet.o(.rodata.str1.1)
    .L.str.12                                0x08006cbe   Data           3  onenet.o(.rodata.str1.1)
    .L.str.6                                 0x08006d63   Data          21  zf_common_debug.o(.rodata.str1.1)
    [Anonymous Symbol]                       0x08006d63   Section        0  zf_common_debug.o(.rodata.str1.1)
    .L.str.34                                0x08006d68   Data          18  onenet.o(.rodata.str1.1)
    .L.str.1                                 0x08006d70   Data          12  zf_common_debug.o(.rodata.str1.1)
    .L.str.5                                 0x08006d78   Data          25  zf_common_debug.o(.rodata.str1.1)
    .L.str.4                                 0x08006d91   Data           9  zf_common_debug.o(.rodata.str1.1)
    .L.str                                   0x08006d9a   Data          13  zf_common_debug.o(.rodata.str1.1)
    .L.str.2                                 0x08006da7   Data           9  zf_common_debug.o(.rodata.str1.1)
    .L.str.3                                 0x08006db0   Data          13  zf_common_debug.o(.rodata.str1.1)
    .L.str                                   0x08006dbd   Data          43  zf_common_fifo.o(.rodata.str1.1)
    [Anonymous Symbol]                       0x08006dbd   Section        0  zf_common_fifo.o(.rodata.str1.1)
    .L.str                                   0x08006de8   Data          47  zf_common_function.o(.rodata.str1.1)
    [Anonymous Symbol]                       0x08006de8   Section        0  zf_common_function.o(.rodata.str1.1)
    .L.str                                   0x08006e17   Data          43  zf_driver_gpio.o(.rodata.str1.1)
    [Anonymous Symbol]                       0x08006e17   Section        0  zf_driver_gpio.o(.rodata.str1.1)
    .L.str                                   0x08006e42   Data          42  zf_driver_pwm.o(.rodata.str1.1)
    [Anonymous Symbol]                       0x08006e42   Section        0  zf_driver_pwm.o(.rodata.str1.1)
    .L.str                                   0x08006e6c   Data          43  zf_driver_uart.o(.rodata.str1.1)
    [Anonymous Symbol]                       0x08006e6c   Section        0  zf_driver_uart.o(.rodata.str1.1)
    .L.str.1                                 0x08006e97   Data           4  zf_device_gps_tau1201.o(.rodata.str1.1)
    [Anonymous Symbol]                       0x08006e97   Section        0  zf_device_gps_tau1201.o(.rodata.str1.1)
    .L.str                                   0x08006e9b   Data           4  zf_device_gps_tau1201.o(.rodata.str1.1)
    .data                                    0x30000000   Section        4  stdout.o(.data)
    dm1xa_distance_mm                        0x30000018   Data           2  zf_device_dm1xa.o(.data.dm1xa_distance_mm)
    [Anonymous Symbol]                       0x30000018   Section        0  zf_device_dm1xa.o(.data.dm1xa_distance_mm)
    uart_index                               0x3000005c   Data          28  zf_driver_uart.o(.data.uart_index)
    [Anonymous Symbol]                       0x3000005c   Section        0  zf_driver_uart.o(.data.uart_index)
    uart_irq                                 0x30000078   Data           7  zf_driver_uart.o(.data.uart_irq)
    [Anonymous Symbol]                       0x30000078   Section        0  zf_driver_uart.o(.data.uart_irq)
    zf_debug_assert_enable                   0x30000088   Data           1  zf_common_debug.o(.data.zf_debug_assert_enable)
    [Anonymous Symbol]                       0x30000088   Section        0  zf_common_debug.o(.data.zf_debug_assert_enable)
    debug_assert_handler.assert_nest_index   0x30000193   Data           1  zf_common_debug.o(.bss.debug_assert_handler.assert_nest_index)
    [Anonymous Symbol]                       0x30000193   Section        0  zf_common_debug.o(.bss.debug_assert_handler.assert_nest_index)
    debug_output_info                        0x30000194   Data          20  zf_common_debug.o(.bss.debug_output_info)
    [Anonymous Symbol]                       0x30000194   Section        0  zf_common_debug.o(.bss.debug_output_info)
    dm1xa_plus_count                         0x300001a8   Data           4  zf_device_dm1xa.o(.bss.dm1xa_plus_count)
    [Anonymous Symbol]                       0x300001a8   Section        0  zf_device_dm1xa.o(.bss.dm1xa_plus_count)
    dm1xa_ranging_state                      0x300001ac   Data           1  zf_device_dm1xa.o(.bss.dm1xa_ranging_state)
    [Anonymous Symbol]                       0x300001ac   Section        0  zf_device_dm1xa.o(.bss.dm1xa_ranging_state)
    dm1xa_type                               0x300001ad   Data           1  zf_device_dm1xa.o(.bss.dm1xa_type)
    [Anonymous Symbol]                       0x300001ad   Section        0  zf_device_dm1xa.o(.bss.dm1xa_type)
    gps_gga_buffer                           0x300001ae   Data         128  zf_device_gps_tau1201.o(.bss.gps_gga_buffer)
    [Anonymous Symbol]                       0x300001ae   Section        0  zf_device_gps_tau1201.o(.bss.gps_gga_buffer)
    gps_rmc_buffer                           0x3000022f   Data         128  zf_device_gps_tau1201.o(.bss.gps_rmc_buffer)
    [Anonymous Symbol]                       0x3000022f   Section        0  zf_device_gps_tau1201.o(.bss.gps_rmc_buffer)
    gps_tau1201_receiver_buffer              0x300002f1   Data         128  zf_device_gps_tau1201.o(.bss.gps_tau1201_receiver_buffer)
    [Anonymous Symbol]                       0x300002f1   Section        0  zf_device_gps_tau1201.o(.bss.gps_tau1201_receiver_buffer)
    gps_tau1201_receiver_fifo                0x30000374   Data          24  zf_device_gps_tau1201.o(.bss.gps_tau1201_receiver_fifo)
    [Anonymous Symbol]                       0x30000374   Section        0  zf_device_gps_tau1201.o(.bss.gps_tau1201_receiver_fifo)
    gps_tau1201_state                        0x3000038c   Data           1  zf_device_gps_tau1201.o(.bss.gps_tau1201_state)
    [Anonymous Symbol]                       0x3000038c   Section        0  zf_device_gps_tau1201.o(.bss.gps_tau1201_state)
    interrupt_nest_count                     0x30000390   Data           4  zf_common_interrupt.o(.bss.interrupt_nest_count)
    [Anonymous Symbol]                       0x30000390   Section        0  zf_common_interrupt.o(.bss.interrupt_nest_count)
    timer_mode_state                         0x300003a1   Data           8  zf_driver_timer.o(.bss.timer_mode_state)
    [Anonymous Symbol]                       0x300003a1   Section        0  zf_driver_timer.o(.bss.timer_mode_state)
    uart_interrupt_state                     0x300003a9   Data           7  zf_driver_uart.o(.bss.uart_interrupt_state)
    [Anonymous Symbol]                       0x300003a9   Section        0  zf_driver_uart.o(.bss.uart_interrupt_state)
    zf_debug_init_flag                       0x300003b0   Data           1  zf_common_debug.o(.bss.zf_debug_init_flag)
    [Anonymous Symbol]                       0x300003b0   Section        0  zf_common_debug.o(.bss.zf_debug_init_flag)

    Global Symbols

    Symbol Name                              Value     Ov Type        Size  Object(Section)

    BuildAttributes$$THM_ISAv4$E$P$D$K$B$S$7EM$8M$VFPi5$EXTD16$VFPS$VFMA$PE$A:L22UL41UL21$X:L11$S22US41US21$IEEE1$IW$USESV6$~STKCKD$USESV7$~SHL$OTIME$ROPI$IEEEX$EBA8$UX$MICROLIB$REQ8$EABIv2 0x00000000   Number         0  anon$$obj.o ABSOLUTE
    SHT$$ARM_EXIDX$$Base                      - Undefined Reference
    SHT$$ARM_EXIDX$$Limit                     - Undefined Reference
    __arm_find_exidx_section                  - Undefined Weak Reference
    __cpp_initialize__aeabi_                  - Undefined Weak Reference
    __cxa_finalize                            - Undefined Weak Reference
    __decompress                              - Undefined Weak Reference
    _clock_init                               - Undefined Weak Reference
    _microlib_exit                            - Undefined Weak Reference
    __Vectors_Size                           0x0000093c   Number         0  startup_mm32f5277e.o ABSOLUTE
    __Vectors                                0x08000000   Number      2364  startup_mm32f5277e.o(RESET)
    __Vectors_End                            0x0800093c   Number         0  startup_mm32f5277e.o(RESET)
    __main                                   0x0800093d   Thumb Code     0  entry.o(.ARM.Collect$$$$00000000)
    _main_stk                                0x0800093d   Thumb Code     0  entry4.o(.ARM.Collect$$$$00000003)
    _main_scatterload                        0x08000941   Thumb Code     0  entry5.o(.ARM.Collect$$$$00000004)
    __main_after_scatterload                 0x08000945   Thumb Code     0  entry5.o(.ARM.Collect$$$$00000004)
    _main_clock                              0x08000945   Thumb Code     0  entry7b.o(.ARM.Collect$$$$00000008)
    _main_cpp_init                           0x08000945   Thumb Code     0  entry8b.o(.ARM.Collect$$$$0000000A)
    _main_init                               0x08000945   Thumb Code     0  entry9a.o(.ARM.Collect$$$$0000000B)
    __rt_final_cpp                           0x0800094d   Thumb Code     0  entry10a.o(.ARM.Collect$$$$0000000D)
    __rt_final_exit                          0x0800094d   Thumb Code     0  entry11a.o(.ARM.Collect$$$$0000000F)
    Reset_Handler                            0x08000951   Thumb Code    24  startup_mm32f5277e.o(.text)
    HardFault_Handler                        0x08000969   Thumb Code     2  startup_mm32f5277e.o(.text)
    ADC1_2_IRQHandler                        0x0800096b   Thumb Code     2  startup_mm32f5277e.o(.text)
    BKP_TAMPER_IRQHandler                    0x0800096b   Thumb Code     2  startup_mm32f5277e.o(.text)
    BusFault_Handler                         0x0800096b   Thumb Code     2  startup_mm32f5277e.o(.text)
    COMP_IRQHandler                          0x0800096b   Thumb Code     2  startup_mm32f5277e.o(.text)
    DebugMon_Handler                         0x0800096b   Thumb Code     2  startup_mm32f5277e.o(.text)
    Default_Handler                          0x0800096b   Thumb Code     2  startup_mm32f5277e.o(.text)
    ENET_IRQHandler                          0x0800096b   Thumb Code     2  startup_mm32f5277e.o(.text)
    ENET_WKUP_IRQHandler                     0x0800096b   Thumb Code     2  startup_mm32f5277e.o(.text)
    FLASH_IRQHandler                         0x0800096b   Thumb Code     2  startup_mm32f5277e.o(.text)
    FlexCAN1_IRQHandler                      0x0800096b   Thumb Code     2  startup_mm32f5277e.o(.text)
    FlexCAN2_IRQHandler                      0x0800096b   Thumb Code     2  startup_mm32f5277e.o(.text)
    I2C1_IRQHandler                          0x0800096b   Thumb Code     2  startup_mm32f5277e.o(.text)
    I2C2_IRQHandler                          0x0800096b   Thumb Code     2  startup_mm32f5277e.o(.text)
    LPTIM_IRQHandler                         0x0800096b   Thumb Code     2  startup_mm32f5277e.o(.text)
    LPUART_IRQHandler                        0x0800096b   Thumb Code     2  startup_mm32f5277e.o(.text)
    MemManage_Handler                        0x0800096b   Thumb Code     2  startup_mm32f5277e.o(.text)
    NMI_Handler                              0x0800096b   Thumb Code     2  startup_mm32f5277e.o(.text)
    PVD_IRQHandler                           0x0800096b   Thumb Code     2  startup_mm32f5277e.o(.text)
    PendSV_Handler                           0x0800096b   Thumb Code     2  startup_mm32f5277e.o(.text)
    QSPI_IRQHandler                          0x0800096b   Thumb Code     2  startup_mm32f5277e.o(.text)
    RCC_CRS_IRQHandler                       0x0800096b   Thumb Code     2  startup_mm32f5277e.o(.text)
    RTC_ALR_IRQHandler                       0x0800096b   Thumb Code     2  startup_mm32f5277e.o(.text)
    RTC_IRQHandler                           0x0800096b   Thumb Code     2  startup_mm32f5277e.o(.text)
    SPI1_IRQHandler                          0x0800096b   Thumb Code     2  startup_mm32f5277e.o(.text)
    SPI2_IRQHandler                          0x0800096b   Thumb Code     2  startup_mm32f5277e.o(.text)
    SPI3_IRQHandler                          0x0800096b   Thumb Code     2  startup_mm32f5277e.o(.text)
    SVC_Handler                              0x0800096b   Thumb Code     2  startup_mm32f5277e.o(.text)
    SecureFault_Handler                      0x0800096b   Thumb Code     2  startup_mm32f5277e.o(.text)
    SysTick_Handler                          0x0800096b   Thumb Code     2  startup_mm32f5277e.o(.text)
    TIM1_BRK_IRQHandler                      0x0800096b   Thumb Code     2  startup_mm32f5277e.o(.text)
    TIM1_CC_IRQHandler                       0x0800096b   Thumb Code     2  startup_mm32f5277e.o(.text)
    TIM1_TRG_COM_IRQHandler                  0x0800096b   Thumb Code     2  startup_mm32f5277e.o(.text)
    TIM8_BRK_IRQHandler                      0x0800096b   Thumb Code     2  startup_mm32f5277e.o(.text)
    TIM8_CC_IRQHandler                       0x0800096b   Thumb Code     2  startup_mm32f5277e.o(.text)
    TIM8_TRG_COM_IRQHandler                  0x0800096b   Thumb Code     2  startup_mm32f5277e.o(.text)
    USB_FS_IRQHandler                        0x0800096b   Thumb Code     2  startup_mm32f5277e.o(.text)
    USB_WKUP_IRQHandler                      0x0800096b   Thumb Code     2  startup_mm32f5277e.o(.text)
    UsageFault_Handler                       0x0800096b   Thumb Code     2  startup_mm32f5277e.o(.text)
    WWDG_IWDG_IRQHandler                     0x0800096b   Thumb Code     2  startup_mm32f5277e.o(.text)
    __aeabi_memcpy                           0x08000975   Thumb Code    36  memcpya.o(.text)
    __aeabi_memcpy4                          0x08000975   Thumb Code     0  memcpya.o(.text)
    __aeabi_memcpy8                          0x08000975   Thumb Code     0  memcpya.o(.text)
    __aeabi_memset                           0x08000999   Thumb Code    14  memseta.o(.text)
    __aeabi_memset4                          0x08000999   Thumb Code     0  memseta.o(.text)
    __aeabi_memset8                          0x08000999   Thumb Code     0  memseta.o(.text)
    __aeabi_memclr                           0x080009a7   Thumb Code     4  memseta.o(.text)
    __aeabi_memclr4                          0x080009a7   Thumb Code     0  memseta.o(.text)
    __aeabi_memclr8                          0x080009a7   Thumb Code     0  memseta.o(.text)
    _memset$wrapper                          0x080009ab   Thumb Code    18  memseta.o(.text)
    strncpy                                  0x080009bd   Thumb Code    24  strncpy.o(.text)
    strchr                                   0x080009d5   Thumb Code    20  strchr.o(.text)
    strlen                                   0x080009e9   Thumb Code    14  strlen.o(.text)
    strncmp                                  0x080009f7   Thumb Code    30  strncmp.o(.text)
    __aeabi_dadd                             0x08000a15   Thumb Code   322  dadd.o(.text)
    __aeabi_dsub                             0x08000b57   Thumb Code     6  dadd.o(.text)
    __aeabi_drsub                            0x08000b5d   Thumb Code     6  dadd.o(.text)
    __aeabi_dmul                             0x08000b63   Thumb Code   228  dmul.o(.text)
    __aeabi_ddiv                             0x08000c47   Thumb Code   222  ddiv.o(.text)
    __aeabi_dcmplt                           0x08000d25   Thumb Code    54  dcmplt.o(.text)
    __aeabi_i2d                              0x08000d5b   Thumb Code    34  dflti.o(.text)
    __aeabi_d2iz                             0x08000d7d   Thumb Code    62  dfixi.o(.text)
    __aeabi_f2d                              0x08000dbb   Thumb Code    38  f2d.o(.text)
    __aeabi_d2f                              0x08000de1   Thumb Code    56  d2f.o(.text)
    __aeabi_uidiv                            0x08000e19   Thumb Code     0  uidiv.o(.text)
    __aeabi_uidivmod                         0x08000e19   Thumb Code    44  uidiv.o(.text)
    __aeabi_uldivmod                         0x08000e45   Thumb Code    98  uldiv.o(.text)
    __aeabi_llsl                             0x08000ea7   Thumb Code    30  llshl.o(.text)
    _ll_shift_l                              0x08000ea7   Thumb Code     0  llshl.o(.text)
    __aeabi_llsr                             0x08000ec5   Thumb Code    32  llushr.o(.text)
    _ll_ushift_r                             0x08000ec5   Thumb Code     0  llushr.o(.text)
    __aeabi_lasr                             0x08000ee5   Thumb Code    36  llsshr.o(.text)
    _ll_sshift_r                             0x08000ee5   Thumb Code     0  llsshr.o(.text)
    __I$use$fp                               0x08000f09   Thumb Code     0  iusefp.o(.text)
    _float_round                             0x08000f09   Thumb Code    18  fepilogue.o(.text)
    _float_epilogue                          0x08000f1b   Thumb Code    92  fepilogue.o(.text)
    _double_round                            0x08000f77   Thumb Code    30  depilogue.o(.text)
    _double_epilogue                         0x08000f95   Thumb Code   156  depilogue.o(.text)
    __aeabi_d2ulz                            0x08001031   Thumb Code    48  dfixul.o(.text)
    __aeabi_cdrcmple                         0x08001061   Thumb Code    48  cdrcmple.o(.text)
    __scatterload                            0x08001091   Thumb Code    28  init.o(.text)
    __scatterload_rt2                        0x08001091   Thumb Code     0  init.o(.text)
    Beep_Short                               0x080010b5   Thumb Code    98  firewarn.o(.text.Beep_Short)
    DMA1_CH1_IRQHandler                      0x08001119   Thumb Code   120  isr.o(.text.DMA1_CH1_IRQHandler)
    DMA1_CH2_IRQHandler                      0x08001191   Thumb Code   120  isr.o(.text.DMA1_CH2_IRQHandler)
    DMA1_CH3_IRQHandler                      0x08001209   Thumb Code   120  isr.o(.text.DMA1_CH3_IRQHandler)
    DMA1_CH4_IRQHandler                      0x08001281   Thumb Code   132  isr.o(.text.DMA1_CH4_IRQHandler)
    DMA1_CH5_IRQHandler                      0x08001305   Thumb Code   120  isr.o(.text.DMA1_CH5_IRQHandler)
    DMA1_CH6_IRQHandler                      0x0800137d   Thumb Code   120  isr.o(.text.DMA1_CH6_IRQHandler)
    DMA1_CH7_IRQHandler                      0x080013f5   Thumb Code   120  isr.o(.text.DMA1_CH7_IRQHandler)
    DMA1_CH8_IRQHandler                      0x0800146d   Thumb Code   120  isr.o(.text.DMA1_CH8_IRQHandler)
    DMA2_CH1_IRQHandler                      0x080014e5   Thumb Code   132  isr.o(.text.DMA2_CH1_IRQHandler)
    DMA2_CH2_IRQHandler                      0x08001569   Thumb Code   132  isr.o(.text.DMA2_CH2_IRQHandler)
    DMA2_CH3_IRQHandler                      0x080015ed   Thumb Code   132  isr.o(.text.DMA2_CH3_IRQHandler)
    DMA2_CH4_IRQHandler                      0x08001671   Thumb Code   132  isr.o(.text.DMA2_CH4_IRQHandler)
    DMA2_CH5_IRQHandler                      0x080016f5   Thumb Code   132  isr.o(.text.DMA2_CH5_IRQHandler)
    DMA2_CH6_IRQHandler                      0x08001779   Thumb Code   132  isr.o(.text.DMA2_CH6_IRQHandler)
    DMA2_CH7_IRQHandler                      0x080017fd   Thumb Code   132  isr.o(.text.DMA2_CH7_IRQHandler)
    DMA2_CH8_IRQHandler                      0x08001881   Thumb Code   132  isr.o(.text.DMA2_CH8_IRQHandler)
    DMA_ClearChannelInterruptStatus          0x08001905   Thumb Code    28  hal_dma.o(.text.DMA_ClearChannelInterruptStatus)
    DMA_GetChannelInterruptStatus            0x08001921   Thumb Code    24  hal_dma.o(.text.DMA_GetChannelInterruptStatus)
    ESP01S_Clear                             0x08001939   Thumb Code    42  onenet.o(.text.ESP01S_Clear)
    ESP01S_Init                              0x08001965   Thumb Code   566  onenet.o(.text.ESP01S_Init)
    ESP01S_SendCmd                           0x08001b9d   Thumb Code    40  onenet.o(.text.ESP01S_SendCmd)
    EXTI0_IRQHandler                         0x08001bc5   Thumb Code    18  isr.o(.text.EXTI0_IRQHandler)
    EXTI15_10_IRQHandler                     0x08001bd9   Thumb Code   260  isr.o(.text.EXTI15_10_IRQHandler)
    EXTI1_IRQHandler                         0x08001cdd   Thumb Code    18  isr.o(.text.EXTI1_IRQHandler)
    EXTI2_IRQHandler                         0x08001cf1   Thumb Code    18  isr.o(.text.EXTI2_IRQHandler)
    EXTI3_IRQHandler                         0x08001d05   Thumb Code    18  isr.o(.text.EXTI3_IRQHandler)
    EXTI4_IRQHandler                         0x08001d19   Thumb Code    22  isr.o(.text.EXTI4_IRQHandler)
    EXTI9_5_IRQHandler                       0x08001d31   Thumb Code   212  isr.o(.text.EXTI9_5_IRQHandler)
    EXTI_ClearLineStatus                     0x08001e05   Thumb Code    20  hal_exti.o(.text.EXTI_ClearLineStatus)
    EXTI_GetLineStatus                       0x08001e19   Thumb Code    12  hal_exti.o(.text.EXTI_GetLineStatus)
    Esp_PUB                                  0x08001e25   Thumb Code   184  onenet.o(.text.Esp_PUB)
    GPIO_Init                                0x08001edd   Thumb Code   276  hal_gpio.o(.text.GPIO_Init)
    GPIO_PinAFConf                           0x08001ff1   Thumb Code   192  hal_gpio.o(.text.GPIO_PinAFConf)
    LPTIM_Init                               0x080020b1   Thumb Code    62  hal_lptim.o(.text.LPTIM_Init)
    OLED_Clear                               0x080020f1   Thumb Code    90  oled.o(.text.OLED_Clear)
    OLED_I2C_Init                            0x0800214d   Thumb Code    38  oled.o(.text.OLED_I2C_Init)
    OLED_I2C_SendByte                        0x08002175   Thumb Code   100  oled.o(.text.OLED_I2C_SendByte)
    OLED_I2C_Start                           0x080021d9   Thumb Code    48  oled.o(.text.OLED_I2C_Start)
    OLED_I2C_Stop                            0x08002209   Thumb Code    36  oled.o(.text.OLED_I2C_Stop)
    OLED_Init                                0x0800222d   Thumb Code   206  oled.o(.text.OLED_Init)
    OLED_SetCursor                           0x080022fd   Thumb Code    52  oled.o(.text.OLED_SetCursor)
    OLED_WriteCommand                        0x08002331   Thumb Code    40  oled.o(.text.OLED_WriteCommand)
    OLED_WriteData                           0x08002359   Thumb Code    40  oled.o(.text.OLED_WriteData)
    PWM_Init                                 0x08002381   Thumb Code    34  servo.o(.text.PWM_Init)
    RCC_EnableAHB1Periphs                    0x080023a5   Thumb Code    58  hal_rcc.o(.text.RCC_EnableAHB1Periphs)
    RCC_EnableAPB1Periphs                    0x080023e1   Thumb Code    58  hal_rcc.o(.text.RCC_EnableAPB1Periphs)
    RCC_EnableAPB2Periphs                    0x0800241d   Thumb Code    58  hal_rcc.o(.text.RCC_EnableAPB2Periphs)
    RCC_ResetAPB2Periphs                     0x08002459   Thumb Code    32  hal_rcc.o(.text.RCC_ResetAPB2Periphs)
    Recv                                     0x08002479   Thumb Code    10  lm386.o(.text.Recv)
    SystemInit                               0x08002485   Thumb Code   124  system_mm32f5277e.o(.text.SystemInit)
    TIM1_UP_IRQHandler                       0x08002501   Thumb Code    30  isr.o(.text.TIM1_UP_IRQHandler)
    TIM2_IRQHandler                          0x08002521   Thumb Code    26  isr.o(.text.TIM2_IRQHandler)
    TIM3_IRQHandler                          0x0800253d   Thumb Code    30  isr.o(.text.TIM3_IRQHandler)
    TIM4_IRQHandler                          0x0800255d   Thumb Code    30  isr.o(.text.TIM4_IRQHandler)
    TIM5_IRQHandler                          0x0800257d   Thumb Code    30  isr.o(.text.TIM5_IRQHandler)
    TIM6_IRQHandler                          0x0800259d   Thumb Code    30  isr.o(.text.TIM6_IRQHandler)
    TIM7_IRQHandler                          0x080025bd   Thumb Code    30  isr.o(.text.TIM7_IRQHandler)
    TIM8_UP_IRQHandler                       0x080025dd   Thumb Code    30  isr.o(.text.TIM8_UP_IRQHandler)
    TIM_ClearInterruptStatus                 0x080025fd   Thumb Code    20  hal_tim.o(.text.TIM_ClearInterruptStatus)
    TIM_DoSwTrigger                          0x08002611   Thumb Code    16  hal_tim.o(.text.TIM_DoSwTrigger)
    TIM_EnableCompOutput                     0x08002621   Thumb Code   164  hal_tim.o(.text.TIM_EnableCompOutput)
    TIM_EnableOutputCompare                  0x080026c5   Thumb Code   176  hal_tim.o(.text.TIM_EnableOutputCompare)
    TIM_EnableOutputCompareSwitch            0x08002775   Thumb Code    46  hal_tim.o(.text.TIM_EnableOutputCompareSwitch)
    TIM_GetCounterValue                      0x080027a5   Thumb Code    12  hal_tim.o(.text.TIM_GetCounterValue)
    TIM_GetInterruptStatus                   0x080027b1   Thumb Code    12  hal_tim.o(.text.TIM_GetInterruptStatus)
    TIM_Init                                 0x080027bd   Thumb Code   202  hal_tim.o(.text.TIM_Init)
    TIM_PutChannelValue                      0x08002889   Thumb Code    42  hal_tim.o(.text.TIM_PutChannelValue)
    TIM_Start                                0x080028b5   Thumb Code    18  hal_tim.o(.text.TIM_Start)
    UART1_IRQHandler                         0x080028c9   Thumb Code    74  isr.o(.text.UART1_IRQHandler)
    UART2_IRQHandler                         0x08002915   Thumb Code    74  isr.o(.text.UART2_IRQHandler)
    UART3_IRQHandler                         0x08002961   Thumb Code    74  isr.o(.text.UART3_IRQHandler)
    UART4_IRQHandler                         0x080029ad   Thumb Code    78  isr.o(.text.UART4_IRQHandler)
    UART5_IRQHandler                         0x080029fd   Thumb Code    88  isr.o(.text.UART5_IRQHandler)
    UART6_IRQHandler                         0x08002a55   Thumb Code   180  isr.o(.text.UART6_IRQHandler)
    UART7_IRQHandler                         0x08002b09   Thumb Code    74  isr.o(.text.UART7_IRQHandler)
    UART_ClearInterruptStatus                0x08002b55   Thumb Code    16  hal_uart.o(.text.UART_ClearInterruptStatus)
    UART_Enable                              0x08002b65   Thumb Code    46  hal_uart.o(.text.UART_Enable)
    UART_EnableInterrupts                    0x08002b95   Thumb Code    48  hal_uart.o(.text.UART_EnableInterrupts)
    UART_GetData                             0x08002bc5   Thumb Code    14  hal_uart.o(.text.UART_GetData)
    UART_GetInterruptStatus                  0x08002bd5   Thumb Code    12  hal_uart.o(.text.UART_GetInterruptStatus)
    UART_GetStatus                           0x08002be1   Thumb Code    12  hal_uart.o(.text.UART_GetStatus)
    UART_Init                                0x08002bed   Thumb Code   224  hal_uart.o(.text.UART_Init)
    UART_PutData                             0x08002ccd   Thumb Code    20  hal_uart.o(.text.UART_PutData)
    afio_init                                0x08002e05   Thumb Code   326  zf_driver_gpio.o(.text.afio_init)
    clock_init                               0x08002f4d   Thumb Code    28  zf_common_clock.o(.text.clock_init)
    debug_assert_handler                     0x08003545   Thumb Code   108  zf_common_debug.o(.text.debug_assert_handler)
    debug_init                               0x080035f1   Thumb Code    50  zf_common_debug.o(.text.debug_init)
    debug_output_init                        0x080039d5   Thumb Code    76  zf_common_debug.o(.text.debug_output_init)
    debug_output_struct_init                 0x08003a21   Thumb Code    48  zf_common_debug.o(.text.debug_output_struct_init)
    dm1xa_light_callback                     0x08003b61   Thumb Code    58  zf_device_dm1xa.o(.text.dm1xa_light_callback)
    dm1xa_sound_callback                     0x08003ba1   Thumb Code   280  zf_device_dm1xa.o(.text.dm1xa_sound_callback)
    fifo_clear                               0x08003cb9   Thumb Code   168  zf_common_fifo.o(.text.fifo_clear)
    fifo_init                                0x08003dc1   Thumb Code   110  zf_common_fifo.o(.text.fifo_init)
    fifo_read_buffer                         0x08003e31   Thumb Code   494  zf_common_fifo.o(.text.fifo_read_buffer)
    fifo_used                                0x08004021   Thumb Code    40  zf_common_fifo.o(.text.fifo_used)
    fifo_write_buffer                        0x08004049   Thumb Code   506  zf_common_fifo.o(.text.fifo_write_buffer)
    fputc                                    0x08004245   Thumb Code    40  zf_common_debug.o(.text.fputc)
    func_get_greatest_common_divisor         0x0800426d   Thumb Code    66  zf_common_function.o(.text.func_get_greatest_common_divisor)
    func_str_to_double                       0x080042b1   Thumb Code   560  zf_common_function.o(.text.func_str_to_double)
    func_str_to_hex                          0x080044e1   Thumb Code   270  zf_common_function.o(.text.func_str_to_hex)
    func_str_to_int                          0x080045f1   Thumb Code   188  zf_common_function.o(.text.func_str_to_int)
    gpio_get_level                           0x0800483d   Thumb Code    46  zf_driver_gpio.o(.text.gpio_get_level)
    gpio_init                                0x0800486d   Thumb Code   392  zf_driver_gpio.o(.text.gpio_init)
    gpio_set_level                           0x080049f5   Thumb Code    94  zf_driver_gpio.o(.text.gpio_set_level)
    gps_data_parse                           0x08004a55   Thumb Code   438  zf_device_gps_tau1201.o(.text.gps_data_parse)
    gps_init                                 0x080050d5   Thumb Code    78  zf_device_gps_tau1201.o(.text.gps_init)
    gps_uart_callback                        0x08005125   Thumb Code   314  zf_device_gps_tau1201.o(.text.gps_uart_callback)
    inigpio                                  0x08005261   Thumb Code   150  motor.o(.text.inigpio)
    interrupt_disable                        0x080052f9   Thumb Code    20  zf_common_interrupt.o(.text.interrupt_disable)
    interrupt_enable                         0x0800530d   Thumb Code    20  zf_common_interrupt.o(.text.interrupt_enable)
    interrupt_global_disable                 0x08005321   Thumb Code    36  zf_common_interrupt.o(.text.interrupt_global_disable)
    interrupt_init                           0x08005345   Thumb Code    10  zf_common_interrupt.o(.text.interrupt_init)
    main                                     0x08005351   Thumb Code   130  main.o(.text.main)
    mode_gps                                 0x080053d5   Thumb Code    80  main.o(.text.mode_gps)
    pwm_init                                 0x08005425   Thumb Code   672  zf_driver_pwm.o(.text.pwm_init)
    pwm_set_duty                             0x080056c5   Thumb Code   348  zf_driver_pwm.o(.text.pwm_set_duty)
    system_delay_init                        0x08005821   Thumb Code    60  zf_driver_delay.o(.text.system_delay_init)
    system_delay_ms                          0x0800585d   Thumb Code   130  zf_driver_delay.o(.text.system_delay_ms)
    system_init                              0x080058e1   Thumb Code    86  main.o(.text.system_init)
    timer_clear                              0x08005939   Thumb Code   164  zf_driver_timer.o(.text.timer_clear)
    timer_clock_enable                       0x080059dd   Thumb Code   120  zf_driver_timer.o(.text.timer_clock_enable)
    timer_funciton_check                     0x08005a55   Thumb Code   104  zf_driver_timer.o(.text.timer_funciton_check)
    timer_get                                0x08005abd   Thumb Code   222  zf_driver_timer.o(.text.timer_get)
    uart_esp32_read                          0x08005ba1   Thumb Code    10  uart_esp32.o(.text.uart_esp32_read)
    uart_init                                0x08005bad   Thumb Code   246  zf_driver_uart.o(.text.uart_init)
    uart_query_byte                          0x08005ca5   Thumb Code   108  zf_driver_uart.o(.text.uart_query_byte)
    uart_read_byte                           0x08005d11   Thumb Code    64  zf_driver_uart.o(.text.uart_read_byte)
    uart_rx_interrupt                        0x08005d51   Thumb Code   142  zf_driver_uart.o(.text.uart_rx_interrupt)
    uart_write_byte                          0x08005de1   Thumb Code    70  zf_driver_uart.o(.text.uart_write_byte)
    uart_write_string                        0x08005e29   Thumb Code    64  zf_driver_uart.o(.text.uart_write_string)
    __0printf                                0x08005f8d   Thumb Code    22  printfa.o(i.__0printf)
    __1printf                                0x08005f8d   Thumb Code     0  printfa.o(i.__0printf)
    __2printf                                0x08005f8d   Thumb Code     0  printfa.o(i.__0printf)
    __c89printf                              0x08005f8d   Thumb Code     0  printfa.o(i.__0printf)
    printf                                   0x08005f8d   Thumb Code     0  printfa.o(i.__0printf)
    __0sprintf                               0x08005fad   Thumb Code    34  printfa.o(i.__0sprintf)
    __1sprintf                               0x08005fad   Thumb Code     0  printfa.o(i.__0sprintf)
    __2sprintf                               0x08005fad   Thumb Code     0  printfa.o(i.__0sprintf)
    __c89sprintf                             0x08005fad   Thumb Code     0  printfa.o(i.__0sprintf)
    sprintf                                  0x08005fad   Thumb Code     0  printfa.o(i.__0sprintf)
    __scatterload_copy                       0x08005fd5   Thumb Code    14  handlers.o(i.__scatterload_copy)
    __scatterload_null                       0x08005fe3   Thumb Code     2  handlers.o(i.__scatterload_null)
    __scatterload_zeroinit                   0x08005fe5   Thumb Code    14  handlers.o(i.__scatterload_zeroinit)
    Region$$Table$$Base                      0x08006ea0   Number         0  anon$$obj.o(Region$$Table)
    Region$$Table$$Limit                     0x08006ec0   Number         0  anon$$obj.o(Region$$Table)
    __stdout                                 0x30000000   Data           4  stdout.o(.data)
    ClintID                                  0x30000004   Data           4  onenet.o(.data.ClintID)
    Url                                      0x30000008   Data           4  onenet.o(.data.Url)
    bus_clock                                0x3000000c   Data           4  zf_common_clock.o(.data.bus_clock)
    camera_dma_handler                       0x30000010   Data           4  zf_device_type.o(.data.camera_dma_handler)
    camera_vsync_handler                     0x30000014   Data           4  zf_device_type.o(.data.camera_vsync_handler)
    func1                                    0x3000001c   Data           4  onenet.o(.data.func1)
    func2                                    0x30000020   Data           4  onenet.o(.data.func2)
    func3                                    0x30000024   Data           4  onenet.o(.data.func3)
    gpio_group                               0x30000028   Data          36  zf_driver_gpio.o(.data.gpio_group)
    passwd                                   0x3000004c   Data           4  onenet.o(.data.passwd)
    pubtopic                                 0x30000050   Data           4  onenet.o(.data.pubtopic)
    subtopic                                 0x30000054   Data           4  onenet.o(.data.subtopic)
    system_clock                             0x30000058   Data           4  zf_common_clock.o(.data.system_clock)
    username                                 0x30000080   Data           4  onenet.o(.data.username)
    wireless_module_uart_handler             0x30000084   Data           4  zf_device_type.o(.data.wireless_module_uart_handler)
    ESP01S_buf                               0x30000090   Data         256  onenet.o(.bss.ESP01S_buf)
    ESP01S_cnt                               0x30000190   Data           2  onenet.o(.bss.ESP01S_cnt)
    cnt_sent                                 0x30000192   Data           1  main.o(.bss.cnt_sent)
    gps_gga_state                            0x3000022e   Data           1  zf_device_gps_tau1201.o(.bss.gps_gga_state)
    gps_rmc_state                            0x300002af   Data           1  zf_device_gps_tau1201.o(.bss.gps_rmc_state)
    gps_tau1201                              0x300002b0   Data          64  zf_device_gps_tau1201.o(.bss.gps_tau1201)
    gps_tau1201_flag                         0x300002f0   Data           1  zf_device_gps_tau1201.o(.bss.gps_tau1201_flag)
    rec_state                                0x30000394   Data           1  onenet.o(.bss.rec_state)
    recv_buf                                 0x30000395   Data           1  main.o(.bss.recv_buf)
    res                                      0x30000396   Data           3  main.o(.bss.res)
    timer_function_state                     0x30000399   Data           8  zf_driver_timer.o(.bss.timer_function_state)
    Image$$ARM_LIB_STACK$$ZI$$Base           0x3001b000   Number         0  anon$$obj.o ABSOLUTE
    Image$$ARM_LIB_STACK$$ZI$$Limit          0x3001c000   Number         0  anon$$obj.o ABSOLUTE



==============================================================================

Memory Map of the image

  Image Entry point : 0x0800093d

  Load Region LR_ROM (Base: 0x08000000, Size: 0x00006f50, Max: 0x00040000, ABSOLUTE)

    Execution Region ER_ROM (Exec base: 0x08000000, Load base: 0x08000000, Size: 0x00006ec0, Max: 0x00040000, ABSOLUTE)

    Exec Addr    Load Addr    Size         Type   Attr      Idx    E Section Name        Object

    0x08000000   0x08000000   0x0000093c   Data   RO         1855    RESET               startup_mm32f5277e.o
    0x0800093c   0x0800093c   0x00000000   Code   RO         2920  * .ARM.Collect$$$$00000000  mc_w.l(entry.o)
    0x0800093c   0x0800093c   0x00000004   Code   RO         3114    .ARM.Collect$$$$00000003  mc_w.l(entry4.o)
    0x08000940   0x08000940   0x00000004   Code   RO         3117    .ARM.Collect$$$$00000004  mc_w.l(entry5.o)
    0x08000944   0x08000944   0x00000000   Code   RO         3119    .ARM.Collect$$$$00000008  mc_w.l(entry7b.o)
    0x08000944   0x08000944   0x00000000   Code   RO         3121    .ARM.Collect$$$$0000000A  mc_w.l(entry8b.o)
    0x08000944   0x08000944   0x00000008   Code   RO         3122    .ARM.Collect$$$$0000000B  mc_w.l(entry9a.o)
    0x0800094c   0x0800094c   0x00000000   Code   RO         3124    .ARM.Collect$$$$0000000D  mc_w.l(entry10a.o)
    0x0800094c   0x0800094c   0x00000000   Code   RO         3126    .ARM.Collect$$$$0000000F  mc_w.l(entry11a.o)
    0x0800094c   0x0800094c   0x00000004   Code   RO         3115    .ARM.Collect$$$$00002714  mc_w.l(entry4.o)
    0x08000950   0x08000950   0x00000024   Code   RO         1854    .text               startup_mm32f5277e.o
    0x08000974   0x08000974   0x00000024   Code   RO         2923    .text               mc_w.l(memcpya.o)
    0x08000998   0x08000998   0x00000024   Code   RO         2925    .text               mc_w.l(memseta.o)
    0x080009bc   0x080009bc   0x00000018   Code   RO         2929    .text               mc_w.l(strncpy.o)
    0x080009d4   0x080009d4   0x00000014   Code   RO         2931    .text               mc_w.l(strchr.o)
    0x080009e8   0x080009e8   0x0000000e   Code   RO         2933    .text               mc_w.l(strlen.o)
    0x080009f6   0x080009f6   0x0000001e   Code   RO         2935    .text               mc_w.l(strncmp.o)
    0x08000a14   0x08000a14   0x0000014e   Code   RO         2969    .text               mf_w.l(dadd.o)
    0x08000b62   0x08000b62   0x000000e4   Code   RO         2971    .text               mf_w.l(dmul.o)
    0x08000c46   0x08000c46   0x000000de   Code   RO         2973    .text               mf_w.l(ddiv.o)
    0x08000d24   0x08000d24   0x00000036   Code   RO         2977    .text               mf_w.l(dcmplt.o)
    0x08000d5a   0x08000d5a   0x00000022   Code   RO         2985    .text               mf_w.l(dflti.o)
    0x08000d7c   0x08000d7c   0x0000003e   Code   RO         2989    .text               mf_w.l(dfixi.o)
    0x08000dba   0x08000dba   0x00000026   Code   RO         2993    .text               mf_w.l(f2d.o)
    0x08000de0   0x08000de0   0x00000038   Code   RO         2995    .text               mf_w.l(d2f.o)
    0x08000e18   0x08000e18   0x0000002c   Code   RO         3138    .text               mc_w.l(uidiv.o)
    0x08000e44   0x08000e44   0x00000062   Code   RO         3140    .text               mc_w.l(uldiv.o)
    0x08000ea6   0x08000ea6   0x0000001e   Code   RO         3142    .text               mc_w.l(llshl.o)
    0x08000ec4   0x08000ec4   0x00000020   Code   RO         3144    .text               mc_w.l(llushr.o)
    0x08000ee4   0x08000ee4   0x00000024   Code   RO         3146    .text               mc_w.l(llsshr.o)
    0x08000f08   0x08000f08   0x00000000   Code   RO         3157    .text               mc_w.l(iusefp.o)
    0x08000f08   0x08000f08   0x0000006e   Code   RO         3158    .text               mf_w.l(fepilogue.o)
    0x08000f76   0x08000f76   0x000000ba   Code   RO         3160    .text               mf_w.l(depilogue.o)
    0x08001030   0x08001030   0x00000030   Code   RO         3168    .text               mf_w.l(dfixul.o)
    0x08001060   0x08001060   0x00000030   Code   RO         3172    .text               mf_w.l(cdrcmple.o)
    0x08001090   0x08001090   0x00000024   Code   RO         3175    .text               mc_w.l(init.o)
    0x080010b4   0x080010b4   0x00000062   Code   RO          340    .text.Beep_Short    firewarn.o
    0x08001116   0x08001116   0x00000002   PAD
    0x08001118   0x08001118   0x00000078   Code   RO           48    .text.DMA1_CH1_IRQHandler  isr.o
    0x08001190   0x08001190   0x00000078   Code   RO           50    .text.DMA1_CH2_IRQHandler  isr.o
    0x08001208   0x08001208   0x00000078   Code   RO           52    .text.DMA1_CH3_IRQHandler  isr.o
    0x08001280   0x08001280   0x00000084   Code   RO           54    .text.DMA1_CH4_IRQHandler  isr.o
    0x08001304   0x08001304   0x00000078   Code   RO           56    .text.DMA1_CH5_IRQHandler  isr.o
    0x0800137c   0x0800137c   0x00000078   Code   RO           58    .text.DMA1_CH6_IRQHandler  isr.o
    0x080013f4   0x080013f4   0x00000078   Code   RO           60    .text.DMA1_CH7_IRQHandler  isr.o
    0x0800146c   0x0800146c   0x00000078   Code   RO           62    .text.DMA1_CH8_IRQHandler  isr.o
    0x080014e4   0x080014e4   0x00000084   Code   RO           64    .text.DMA2_CH1_IRQHandler  isr.o
    0x08001568   0x08001568   0x00000084   Code   RO           66    .text.DMA2_CH2_IRQHandler  isr.o
    0x080015ec   0x080015ec   0x00000084   Code   RO           68    .text.DMA2_CH3_IRQHandler  isr.o
    0x08001670   0x08001670   0x00000084   Code   RO           70    .text.DMA2_CH4_IRQHandler  isr.o
    0x080016f4   0x080016f4   0x00000084   Code   RO           72    .text.DMA2_CH5_IRQHandler  isr.o
    0x08001778   0x08001778   0x00000084   Code   RO           74    .text.DMA2_CH6_IRQHandler  isr.o
    0x080017fc   0x080017fc   0x00000084   Code   RO           76    .text.DMA2_CH7_IRQHandler  isr.o
    0x08001880   0x08001880   0x00000084   Code   RO           78    .text.DMA2_CH8_IRQHandler  isr.o
    0x08001904   0x08001904   0x0000001c   Code   RO         2036    .text.DMA_ClearChannelInterruptStatus  hal_dma.o
    0x08001920   0x08001920   0x00000018   Code   RO         2034    .text.DMA_GetChannelInterruptStatus  hal_dma.o
    0x08001938   0x08001938   0x0000002a   Code   RO          349    .text.ESP01S_Clear  onenet.o
    0x08001962   0x08001962   0x00000002   PAD
    0x08001964   0x08001964   0x00000236   Code   RO          355    .text.ESP01S_Init   onenet.o
    0x08001b9a   0x08001b9a   0x00000002   PAD
    0x08001b9c   0x08001b9c   0x00000028   Code   RO          353    .text.ESP01S_SendCmd  onenet.o
    0x08001bc4   0x08001bc4   0x00000012   Code   RO           34    .text.EXTI0_IRQHandler  isr.o
    0x08001bd6   0x08001bd6   0x00000002   PAD
    0x08001bd8   0x08001bd8   0x00000104   Code   RO           46    .text.EXTI15_10_IRQHandler  isr.o
    0x08001cdc   0x08001cdc   0x00000012   Code   RO           36    .text.EXTI1_IRQHandler  isr.o
    0x08001cee   0x08001cee   0x00000002   PAD
    0x08001cf0   0x08001cf0   0x00000012   Code   RO           38    .text.EXTI2_IRQHandler  isr.o
    0x08001d02   0x08001d02   0x00000002   PAD
    0x08001d04   0x08001d04   0x00000012   Code   RO           40    .text.EXTI3_IRQHandler  isr.o
    0x08001d16   0x08001d16   0x00000002   PAD
    0x08001d18   0x08001d18   0x00000016   Code   RO           42    .text.EXTI4_IRQHandler  isr.o
    0x08001d2e   0x08001d2e   0x00000002   PAD
    0x08001d30   0x08001d30   0x000000d4   Code   RO           44    .text.EXTI9_5_IRQHandler  isr.o
    0x08001e04   0x08001e04   0x00000014   Code   RO         2059    .text.EXTI_ClearLineStatus  hal_exti.o
    0x08001e18   0x08001e18   0x0000000c   Code   RO         2057    .text.EXTI_GetLineStatus  hal_exti.o
    0x08001e24   0x08001e24   0x000000b8   Code   RO          357    .text.Esp_PUB       onenet.o
    0x08001edc   0x08001edc   0x00000114   Code   RO         2155    .text.GPIO_Init     hal_gpio.o
    0x08001ff0   0x08001ff0   0x000000c0   Code   RO         2177    .text.GPIO_PinAFConf  hal_gpio.o
    0x080020b0   0x080020b0   0x0000003e   Code   RO         2289    .text.LPTIM_Init    hal_lptim.o
    0x080020ee   0x080020ee   0x00000002   PAD
    0x080020f0   0x080020f0   0x0000005a   Code   RO          180    .text.OLED_Clear    oled.o
    0x0800214a   0x0800214a   0x00000002   PAD
    0x0800214c   0x0800214c   0x00000026   Code   RO          166    .text.OLED_I2C_Init  oled.o
    0x08002172   0x08002172   0x00000002   PAD
    0x08002174   0x08002174   0x00000064   Code   RO          172    .text.OLED_I2C_SendByte  oled.o
    0x080021d8   0x080021d8   0x00000030   Code   RO          168    .text.OLED_I2C_Start  oled.o
    0x08002208   0x08002208   0x00000024   Code   RO          170    .text.OLED_I2C_Stop  oled.o
    0x0800222c   0x0800222c   0x000000ce   Code   RO          196    .text.OLED_Init     oled.o
    0x080022fa   0x080022fa   0x00000002   PAD
    0x080022fc   0x080022fc   0x00000034   Code   RO          178    .text.OLED_SetCursor  oled.o
    0x08002330   0x08002330   0x00000028   Code   RO          174    .text.OLED_WriteCommand  oled.o
    0x08002358   0x08002358   0x00000028   Code   RO          176    .text.OLED_WriteData  oled.o
    0x08002380   0x08002380   0x00000022   Code   RO          264    .text.PWM_Init      servo.o
    0x080023a2   0x080023a2   0x00000002   PAD
    0x080023a4   0x080023a4   0x0000003a   Code   RO         2454    .text.RCC_EnableAHB1Periphs  hal_rcc.o
    0x080023de   0x080023de   0x00000002   PAD
    0x080023e0   0x080023e0   0x0000003a   Code   RO         2456    .text.RCC_EnableAPB1Periphs  hal_rcc.o
    0x0800241a   0x0800241a   0x00000002   PAD
    0x0800241c   0x0800241c   0x0000003a   Code   RO         2458    .text.RCC_EnableAPB2Periphs  hal_rcc.o
    0x08002456   0x08002456   0x00000002   PAD
    0x08002458   0x08002458   0x00000020   Code   RO         2464    .text.RCC_ResetAPB2Periphs  hal_rcc.o
    0x08002478   0x08002478   0x0000000a   Code   RO          327    .text.Recv          lm386.o
    0x08002482   0x08002482   0x00000002   PAD
    0x08002484   0x08002484   0x0000007c   Code   RO         1862    .text.SystemInit    system_mm32f5277e.o
    0x08002500   0x08002500   0x0000001e   Code   RO            4    .text.TIM1_UP_IRQHandler  isr.o
    0x0800251e   0x0800251e   0x00000002   PAD
    0x08002520   0x08002520   0x0000001a   Code   RO            6    .text.TIM2_IRQHandler  isr.o
    0x0800253a   0x0800253a   0x00000002   PAD
    0x0800253c   0x0800253c   0x0000001e   Code   RO            8    .text.TIM3_IRQHandler  isr.o
    0x0800255a   0x0800255a   0x00000002   PAD
    0x0800255c   0x0800255c   0x0000001e   Code   RO           10    .text.TIM4_IRQHandler  isr.o
    0x0800257a   0x0800257a   0x00000002   PAD
    0x0800257c   0x0800257c   0x0000001e   Code   RO           12    .text.TIM5_IRQHandler  isr.o
    0x0800259a   0x0800259a   0x00000002   PAD
    0x0800259c   0x0800259c   0x0000001e   Code   RO           14    .text.TIM6_IRQHandler  isr.o
    0x080025ba   0x080025ba   0x00000002   PAD
    0x080025bc   0x080025bc   0x0000001e   Code   RO           16    .text.TIM7_IRQHandler  isr.o
    0x080025da   0x080025da   0x00000002   PAD
    0x080025dc   0x080025dc   0x0000001e   Code   RO           18    .text.TIM8_UP_IRQHandler  isr.o
    0x080025fa   0x080025fa   0x00000002   PAD
    0x080025fc   0x080025fc   0x00000014   Code   RO         2639    .text.TIM_ClearInterruptStatus  hal_tim.o
    0x08002610   0x08002610   0x00000010   Code   RO         2635    .text.TIM_DoSwTrigger  hal_tim.o
    0x08002620   0x08002620   0x000000a4   Code   RO         2647    .text.TIM_EnableCompOutput  hal_tim.o
    0x080026c4   0x080026c4   0x000000b0   Code   RO         2641    .text.TIM_EnableOutputCompare  hal_tim.o
    0x08002774   0x08002774   0x0000002e   Code   RO         2649    .text.TIM_EnableOutputCompareSwitch  hal_tim.o
    0x080027a2   0x080027a2   0x00000002   PAD
    0x080027a4   0x080027a4   0x0000000c   Code   RO         2627    .text.TIM_GetCounterValue  hal_tim.o
    0x080027b0   0x080027b0   0x0000000c   Code   RO         2637    .text.TIM_GetInterruptStatus  hal_tim.o
    0x080027bc   0x080027bc   0x000000ca   Code   RO         2621    .text.TIM_Init      hal_tim.o
    0x08002886   0x08002886   0x00000002   PAD
    0x08002888   0x08002888   0x0000002a   Code   RO         2645    .text.TIM_PutChannelValue  hal_tim.o
    0x080028b2   0x080028b2   0x00000002   PAD
    0x080028b4   0x080028b4   0x00000012   Code   RO         2623    .text.TIM_Start     hal_tim.o
    0x080028c6   0x080028c6   0x00000002   PAD
    0x080028c8   0x080028c8   0x0000004a   Code   RO           20    .text.UART1_IRQHandler  isr.o
    0x08002912   0x08002912   0x00000002   PAD
    0x08002914   0x08002914   0x0000004a   Code   RO           22    .text.UART2_IRQHandler  isr.o
    0x0800295e   0x0800295e   0x00000002   PAD
    0x08002960   0x08002960   0x0000004a   Code   RO           24    .text.UART3_IRQHandler  isr.o
    0x080029aa   0x080029aa   0x00000002   PAD
    0x080029ac   0x080029ac   0x0000004e   Code   RO           26    .text.UART4_IRQHandler  isr.o
    0x080029fa   0x080029fa   0x00000002   PAD
    0x080029fc   0x080029fc   0x00000058   Code   RO           28    .text.UART5_IRQHandler  isr.o
    0x08002a54   0x08002a54   0x000000b4   Code   RO           30    .text.UART6_IRQHandler  isr.o
    0x08002b08   0x08002b08   0x0000004a   Code   RO           32    .text.UART7_IRQHandler  isr.o
    0x08002b52   0x08002b52   0x00000002   PAD
    0x08002b54   0x08002b54   0x00000010   Code   RO         2706    .text.UART_ClearInterruptStatus  hal_uart.o
    0x08002b64   0x08002b64   0x0000002e   Code   RO         2690    .text.UART_Enable   hal_uart.o
    0x08002b92   0x08002b92   0x00000002   PAD
    0x08002b94   0x08002b94   0x00000030   Code   RO         2692    .text.UART_EnableInterrupts  hal_uart.o
    0x08002bc4   0x08002bc4   0x0000000e   Code   RO         2700    .text.UART_GetData  hal_uart.o
    0x08002bd2   0x08002bd2   0x00000002   PAD
    0x08002bd4   0x08002bd4   0x0000000c   Code   RO         2704    .text.UART_GetInterruptStatus  hal_uart.o
    0x08002be0   0x08002be0   0x0000000c   Code   RO         2702    .text.UART_GetStatus  hal_uart.o
    0x08002bec   0x08002bec   0x000000e0   Code   RO         2688    .text.UART_Init     hal_uart.o
    0x08002ccc   0x08002ccc   0x00000014   Code   RO         2698    .text.UART_PutData  hal_uart.o
    0x08002ce0   0x08002ce0   0x0000007e   Code   RO         2643    .text._TIM_WriteChannelCtrlReg  hal_tim.o
    0x08002d5e   0x08002d5e   0x00000002   PAD
    0x08002d60   0x08002d60   0x00000038   Code   RO          526    .text.__NVIC_DisableIRQ  zf_common_interrupt.o
    0x08002d98   0x08002d98   0x00000030   Code   RO          522    .text.__NVIC_EnableIRQ  zf_common_interrupt.o
    0x08002dc8   0x08002dc8   0x0000003c   Code   RO          534    .text.__NVIC_SetPriorityGrouping  zf_common_interrupt.o
    0x08002e04   0x08002e04   0x00000146   Code   RO          675    .text.afio_init     zf_driver_gpio.o
    0x08002f4a   0x08002f4a   0x00000002   PAD
    0x08002f4c   0x08002f4c   0x0000001c   Code   RO          383    .text.clock_init    zf_common_clock.o
    0x08002f68   0x08002f68   0x00000074   Code   RO          385    .text.clock_reset   zf_common_clock.o
    0x08002fdc   0x08002fdc   0x00000568   Code   RO          387    .text.clock_set_freq  zf_common_clock.o
    0x08003544   0x08003544   0x0000006c   Code   RO          406    .text.debug_assert_handler  zf_common_debug.o
    0x080035b0   0x080035b0   0x00000040   Code   RO          412    .text.debug_delay   zf_common_debug.o
    0x080035f0   0x080035f0   0x00000032   Code   RO          420    .text.debug_init    zf_common_debug.o
    0x08003622   0x08003622   0x00000002   PAD
    0x08003624   0x08003624   0x000003b0   Code   RO          410    .text.debug_output  zf_common_debug.o
    0x080039d4   0x080039d4   0x0000004c   Code   RO          418    .text.debug_output_init  zf_common_debug.o
    0x08003a20   0x08003a20   0x00000030   Code   RO          416    .text.debug_output_struct_init  zf_common_debug.o
    0x08003a50   0x08003a50   0x000000fa   Code   RO          408    .text.debug_protective_handler  zf_common_debug.o
    0x08003b4a   0x08003b4a   0x00000002   PAD
    0x08003b4c   0x08003b4c   0x00000012   Code   RO          422    .text.debug_uart_str_output  zf_common_debug.o
    0x08003b5e   0x08003b5e   0x00000002   PAD
    0x08003b60   0x08003b60   0x0000003a   Code   RO         1093    .text.dm1xa_light_callback  zf_device_dm1xa.o
    0x08003b9a   0x08003b9a   0x00000006   PAD
    0x08003ba0   0x08003ba0   0x00000118   Code   RO         1091    .text.dm1xa_sound_callback  zf_device_dm1xa.o
    0x08003cb8   0x08003cb8   0x000000a8   Code   RO          437    .text.fifo_clear    zf_common_fifo.o
    0x08003d60   0x08003d60   0x0000002e   Code   RO          449    .text.fifo_end_offset  zf_common_fifo.o
    0x08003d8e   0x08003d8e   0x00000002   PAD
    0x08003d90   0x08003d90   0x0000002e   Code   RO          443    .text.fifo_head_offset  zf_common_fifo.o
    0x08003dbe   0x08003dbe   0x00000002   PAD
    0x08003dc0   0x08003dc0   0x0000006e   Code   RO          455    .text.fifo_init     zf_common_fifo.o
    0x08003e2e   0x08003e2e   0x00000002   PAD
    0x08003e30   0x08003e30   0x000001ee   Code   RO          451    .text.fifo_read_buffer  zf_common_fifo.o
    0x0800401e   0x0800401e   0x00000002   PAD
    0x08004020   0x08004020   0x00000028   Code   RO          439    .text.fifo_used     zf_common_fifo.o
    0x08004048   0x08004048   0x000001fa   Code   RO          445    .text.fifo_write_buffer  zf_common_fifo.o
    0x08004242   0x08004242   0x00000002   PAD
    0x08004244   0x08004244   0x00000028   Code   RO          398    .text.fputc         zf_common_debug.o
    0x0800426c   0x0800426c   0x00000042   Code   RO          477    .text.func_get_greatest_common_divisor  zf_common_function.o
    0x080042ae   0x080042ae   0x00000002   PAD
    0x080042b0   0x080042b0   0x00000230   Code   RO          493    .text.func_str_to_double  zf_common_function.o
    0x080044e0   0x080044e0   0x0000010e   Code   RO          497    .text.func_str_to_hex  zf_common_function.o
    0x080045ee   0x080045ee   0x00000002   PAD
    0x080045f0   0x080045f0   0x000000bc   Code   RO          481    .text.func_str_to_int  zf_common_function.o
    0x080046ac   0x080046ac   0x00000050   Code   RO         1128    .text.get_double_number  zf_device_gps_tau1201.o
    0x080046fc   0x080046fc   0x00000054   Code   RO         1130    .text.get_float_number  zf_device_gps_tau1201.o
    0x08004750   0x08004750   0x0000004c   Code   RO         1134    .text.get_int_number  zf_device_gps_tau1201.o
    0x0800479c   0x0800479c   0x000000a0   Code   RO         1126    .text.get_parameter_index  zf_device_gps_tau1201.o
    0x0800483c   0x0800483c   0x0000002e   Code   RO          667    .text.gpio_get_level  zf_driver_gpio.o
    0x0800486a   0x0800486a   0x00000002   PAD
    0x0800486c   0x0800486c   0x00000188   Code   RO          673    .text.gpio_init     zf_driver_gpio.o
    0x080049f4   0x080049f4   0x0000005e   Code   RO          665    .text.gpio_set_level  zf_driver_gpio.o
    0x08004a52   0x08004a52   0x00000002   PAD
    0x08004a54   0x08004a54   0x000001b6   Code   RO         1116    .text.gps_data_parse  zf_device_gps_tau1201.o
    0x08004c0a   0x08004c0a   0x00000002   PAD
    0x08004c0c   0x08004c0c   0x0000009c   Code   RO         1120    .text.gps_gngga_parse  zf_device_gps_tau1201.o
    0x08004ca8   0x08004ca8   0x0000042c   Code   RO         1118    .text.gps_gnrmc_parse  zf_device_gps_tau1201.o
    0x080050d4   0x080050d4   0x0000004e   Code   RO         1124    .text.gps_init      zf_device_gps_tau1201.o
    0x08005122   0x08005122   0x00000002   PAD
    0x08005124   0x08005124   0x0000013a   Code   RO         1122    .text.gps_uart_callback  zf_device_gps_tau1201.o
    0x0800525e   0x0800525e   0x00000002   PAD
    0x08005260   0x08005260   0x00000096   Code   RO          139    .text.inigpio       motor.o
    0x080052f6   0x080052f6   0x00000002   PAD
    0x080052f8   0x080052f8   0x00000014   Code   RO          524    .text.interrupt_disable  zf_common_interrupt.o
    0x0800530c   0x0800530c   0x00000014   Code   RO          520    .text.interrupt_enable  zf_common_interrupt.o
    0x08005320   0x08005320   0x00000024   Code   RO          518    .text.interrupt_global_disable  zf_common_interrupt.o
    0x08005344   0x08005344   0x0000000a   Code   RO          532    .text.interrupt_init  zf_common_interrupt.o
    0x0800534e   0x0800534e   0x00000002   PAD
    0x08005350   0x08005350   0x00000082   Code   RO           98    .text.main          main.o
    0x080053d2   0x080053d2   0x00000002   PAD
    0x080053d4   0x080053d4   0x00000050   Code   RO           94    .text.mode_gps      main.o
    0x08005424   0x08005424   0x000002a0   Code   RO          757    .text.pwm_init      zf_driver_pwm.o
    0x080056c4   0x080056c4   0x0000015c   Code   RO          755    .text.pwm_set_duty  zf_driver_pwm.o
    0x08005820   0x08005820   0x0000003c   Code   RO          575    .text.system_delay_init  zf_driver_delay.o
    0x0800585c   0x0800585c   0x00000082   Code   RO          571    .text.system_delay_ms  zf_driver_delay.o
    0x080058de   0x080058de   0x00000002   PAD
    0x080058e0   0x080058e0   0x00000056   Code   RO           90    .text.system_init   main.o
    0x08005936   0x08005936   0x00000002   PAD
    0x08005938   0x08005938   0x000000a4   Code   RO          938    .text.timer_clear   zf_driver_timer.o
    0x080059dc   0x080059dc   0x00000078   Code   RO          930    .text.timer_clock_enable  zf_driver_timer.o
    0x08005a54   0x08005a54   0x00000068   Code   RO          928    .text.timer_funciton_check  zf_driver_timer.o
    0x08005abc   0x08005abc   0x000000de   Code   RO          936    .text.timer_get     zf_driver_timer.o
    0x08005b9a   0x08005b9a   0x00000002   PAD
    0x08005b9c   0x08005b9c   0x00000002   Code   RO         1725    .text.type_default_callback  zf_device_type.o
    0x08005b9e   0x08005b9e   0x00000002   PAD
    0x08005ba0   0x08005ba0   0x0000000a   Code   RO          279    .text.uart_esp32_read  uart_esp32.o
    0x08005baa   0x08005baa   0x00000002   PAD
    0x08005bac   0x08005bac   0x000000f6   Code   RO          968    .text.uart_init     zf_driver_uart.o
    0x08005ca2   0x08005ca2   0x00000002   PAD
    0x08005ca4   0x08005ca4   0x0000006c   Code   RO          962    .text.uart_query_byte  zf_driver_uart.o
    0x08005d10   0x08005d10   0x00000040   Code   RO          960    .text.uart_read_byte  zf_driver_uart.o
    0x08005d50   0x08005d50   0x0000008e   Code   RO          966    .text.uart_rx_interrupt  zf_driver_uart.o
    0x08005dde   0x08005dde   0x00000002   PAD
    0x08005de0   0x08005de0   0x00000046   Code   RO          954    .text.uart_write_byte  zf_driver_uart.o
    0x08005e26   0x08005e26   0x00000002   PAD
    0x08005e28   0x08005e28   0x00000040   Code   RO          958    .text.uart_write_string  zf_driver_uart.o
    0x08005e68   0x08005e68   0x00000122   Code   RO         1132    .text.utc_to_btc    zf_device_gps_tau1201.o
    0x08005f8a   0x08005f8a   0x00000002   PAD
    0x08005f8c   0x08005f8c   0x00000020   Code   RO         2942    i.__0printf         mc_w.l(printfa.o)
    0x08005fac   0x08005fac   0x00000028   Code   RO         2944    i.__0sprintf        mc_w.l(printfa.o)
    0x08005fd4   0x08005fd4   0x0000000e   Code   RO         3179    i.__scatterload_copy  mc_w.l(handlers.o)
    0x08005fe2   0x08005fe2   0x00000002   Code   RO         3180    i.__scatterload_null  mc_w.l(handlers.o)
    0x08005fe4   0x08005fe4   0x0000000e   Code   RO         3181    i.__scatterload_zeroinit  mc_w.l(handlers.o)
    0x08005ff2   0x08005ff2   0x00000002   PAD
    0x08005ff4   0x08005ff4   0x00000184   Code   RO         2949    i._fp_digits        mc_w.l(printfa.o)
    0x08006178   0x08006178   0x000006dc   Code   RO         2950    i._printf_core      mc_w.l(printfa.o)
    0x08006854   0x08006854   0x00000024   Code   RO         2951    i._printf_post_padding  mc_w.l(printfa.o)
    0x08006878   0x08006878   0x0000002e   Code   RO         2952    i._printf_pre_padding  mc_w.l(printfa.o)
    0x080068a6   0x080068a6   0x0000000a   Code   RO         2954    i._sputc            mc_w.l(printfa.o)
    0x080068b0   0x080068b0   0x0000013c   Data   RO          429    .rodata..L__const.debug_protective_handler.pin_list  zf_common_debug.o
    0x080069ec   0x080069ec   0x00000021   Data   RO          126    .rodata.str1.1      main.o
    0x08006a0d   0x08006a0d   0x00000356   Data   RO          361    .rodata.str1.1      onenet.o
    0x08006d63   0x08006d63   0x0000005a   Data   RO          427    .rodata.str1.1      zf_common_debug.o
    0x08006dbd   0x08006dbd   0x0000002b   Data   RO          457    .rodata.str1.1      zf_common_fifo.o
    0x08006de8   0x08006de8   0x0000002f   Data   RO          507    .rodata.str1.1      zf_common_function.o
    0x08006e17   0x08006e17   0x0000002b   Data   RO          678    .rodata.str1.1      zf_driver_gpio.o
    0x08006e42   0x08006e42   0x0000002a   Data   RO          759    .rodata.str1.1      zf_driver_pwm.o
    0x08006e6c   0x08006e6c   0x0000002b   Data   RO          971    .rodata.str1.1      zf_driver_uart.o
    0x08006e97   0x08006e97   0x00000008   Data   RO         1145    .rodata.str1.1      zf_device_gps_tau1201.o
    0x08006e9f   0x08006e9f   0x00000001   PAD
    0x08006ea0   0x08006ea0   0x00000020   Data   RO         3178    Region$$Table       anon$$obj.o


    Execution Region RW_RAM (Exec base: 0x30000000, Load base: 0x08006ec0, Size: 0x000003b4, Max: 0x0001a000, ABSOLUTE)

    Exec Addr    Load Addr    Size         Type   Attr      Idx    E Section Name        Object

    0x30000000   0x08006ec0   0x00000004   Data   RW         3128    .data               mc_w.l(stdout.o)
    0x30000004   0x08006ec4   0x00000004   Data   RW          362    .data.ClintID       onenet.o
    0x30000008   0x08006ec8   0x00000004   Data   RW          365    .data.Url           onenet.o
    0x3000000c   0x08006ecc   0x00000004   Data   RW          390    .data.bus_clock     zf_common_clock.o
    0x30000010   0x08006ed0   0x00000004   Data   RW         1734    .data.camera_dma_handler  zf_device_type.o
    0x30000014   0x08006ed4   0x00000004   Data   RW         1733    .data.camera_vsync_handler  zf_device_type.o
    0x30000018   0x08006ed8   0x00000002   Data   RW         1104    .data.dm1xa_distance_mm  zf_device_dm1xa.o
    0x3000001a   0x08006eda   0x00000002   PAD
    0x3000001c   0x08006edc   0x00000004   Data   RW          368    .data.func1         onenet.o
    0x30000020   0x08006ee0   0x00000004   Data   RW          369    .data.func2         onenet.o
    0x30000024   0x08006ee4   0x00000004   Data   RW          370    .data.func3         onenet.o
    0x30000028   0x08006ee8   0x00000024   Data   RW          677    .data.gpio_group    zf_driver_gpio.o
    0x3000004c   0x08006f0c   0x00000004   Data   RW          364    .data.passwd        onenet.o
    0x30000050   0x08006f10   0x00000004   Data   RW          366    .data.pubtopic      onenet.o
    0x30000054   0x08006f14   0x00000004   Data   RW          367    .data.subtopic      onenet.o
    0x30000058   0x08006f18   0x00000004   Data   RW          389    .data.system_clock  zf_common_clock.o
    0x3000005c   0x08006f1c   0x0000001c   Data   RW          970    .data.uart_index    zf_driver_uart.o
    0x30000078   0x08006f38   0x00000007   Data   RW          973    .data.uart_irq      zf_driver_uart.o
    0x3000007f   0x08006f3f   0x00000001   PAD
    0x30000080   0x08006f40   0x00000004   Data   RW          363    .data.username      onenet.o
    0x30000084   0x08006f44   0x00000004   Data   RW         1736    .data.wireless_module_uart_handler  zf_device_type.o
    0x30000088   0x08006f48   0x00000001   Data   RW          425    .data.zf_debug_assert_enable  zf_common_debug.o
    0x30000089   0x08006f49   0x00000007   PAD
    0x30000090        -       0x00000100   Zero   RW          374    .bss.ESP01S_buf     onenet.o
    0x30000190        -       0x00000002   Zero   RW          371    .bss.ESP01S_cnt     onenet.o
    0x30000192        -       0x00000001   Zero   RW          125    .bss.cnt_sent       main.o
    0x30000193        -       0x00000001   Zero   RW          426    .bss.debug_assert_handler.assert_nest_index  zf_common_debug.o
    0x30000194        -       0x00000014   Zero   RW          428    .bss.debug_output_info  zf_common_debug.o
    0x300001a8        -       0x00000004   Zero   RW         1102    .bss.dm1xa_plus_count  zf_device_dm1xa.o
    0x300001ac        -       0x00000001   Zero   RW         1103    .bss.dm1xa_ranging_state  zf_device_dm1xa.o
    0x300001ad        -       0x00000001   Zero   RW         1101    .bss.dm1xa_type     zf_device_dm1xa.o
    0x300001ae        -       0x00000080   Zero   RW         1142    .bss.gps_gga_buffer  zf_device_gps_tau1201.o
    0x3000022e        -       0x00000001   Zero   RW         1137    .bss.gps_gga_state  zf_device_gps_tau1201.o
    0x3000022f        -       0x00000080   Zero   RW         1140    .bss.gps_rmc_buffer  zf_device_gps_tau1201.o
    0x300002af        -       0x00000001   Zero   RW         1138    .bss.gps_rmc_state  zf_device_gps_tau1201.o
    0x300002b0        -       0x00000040   Zero   RW         1141    .bss.gps_tau1201    zf_device_gps_tau1201.o
    0x300002f0        -       0x00000001   Zero   RW         1136    .bss.gps_tau1201_flag  zf_device_gps_tau1201.o
    0x300002f1        -       0x00000080   Zero   RW         1146    .bss.gps_tau1201_receiver_buffer  zf_device_gps_tau1201.o
    0x30000371   0x08006f49   0x00000003   PAD
    0x30000374        -       0x00000018   Zero   RW         1144    .bss.gps_tau1201_receiver_fifo  zf_device_gps_tau1201.o
    0x3000038c        -       0x00000001   Zero   RW         1143    .bss.gps_tau1201_state  zf_device_gps_tau1201.o
    0x3000038d   0x08006f49   0x00000003   PAD
    0x30000390        -       0x00000004   Zero   RW          536    .bss.interrupt_nest_count  zf_common_interrupt.o
    0x30000394        -       0x00000001   Zero   RW          373    .bss.rec_state      onenet.o
    0x30000395        -       0x00000001   Zero   RW          127    .bss.recv_buf       main.o
    0x30000396        -       0x00000003   Zero   RW          129    .bss.res            main.o
    0x30000399        -       0x00000008   Zero   RW          944    .bss.timer_function_state  zf_driver_timer.o
    0x300003a1        -       0x00000008   Zero   RW          945    .bss.timer_mode_state  zf_driver_timer.o
    0x300003a9        -       0x00000007   Zero   RW          972    .bss.uart_interrupt_state  zf_driver_uart.o
    0x300003b0        -       0x00000001   Zero   RW          424    .bss.zf_debug_init_flag  zf_common_debug.o


    Execution Region ARM_LIB_HEAP (Exec base: 0x300003b8, Load base: 0x08006f50, Size: 0x00001000, Max: 0x00001000, ABSOLUTE)

    Exec Addr    Load Addr    Size         Type   Attr      Idx    E Section Name        Object

    0x300003b8        -       0x00001000   Zero   RW            1    ARM_LIB_HEAP.bss    anon$$obj.o


    Execution Region ARM_LIB_STACK (Exec base: 0x3001b000, Load base: 0x08006f50, Size: 0x00001000, Max: 0x00001000, ABSOLUTE)

    Exec Addr    Load Addr    Size         Type   Attr      Idx    E Section Name        Object

    0x3001b000        -       0x00001000   Zero   RW            2    ARM_LIB_STACK.bss   anon$$obj.o


==============================================================================

Image component sizes


      Code (inc. data)   RO Data    RW Data    ZI Data      Debug   Object Name

        98          0          0          0          0       2564   firewarn.o
        52          0          0          0          0       3157   hal_dma.o
        32          0          0          0          0       1910   hal_exti.o
       468          0          0          0          0       3850   hal_gpio.o
        62          0          0          0          0       3525   hal_lptim.o
       206          0          0          0          0       5757   hal_rcc.o
       834         20          0          0          0      13766   hal_tim.o
       392          0          0          0          0       3613   hal_uart.o
      3472          0          0          0          0      10380   isr.o
        10          0          0          0          0       3022   lm386.o
       296          0         33          0          5       5564   main.o
       150          0          0          0          0       4756   motor.o
       650          0          0          0          0       5285   oled.o
       832          0        854         36        259       3261   onenet.o
        34          0          0          0          0       4328   servo.o
        36          8       2364          0          0        473   startup_mm32f5277e.o
       124          0          0          0          0       1960   system_mm32f5277e.o
        10          0          0          0          0       1603   uart_esp32.o
      1528          0          0          8          0       3336   zf_common_clock.o
      1598          0        406          1         22       9350   zf_common_debug.o
      1410          0         43          0          0       5317   zf_common_fifo.o
      1084         16         47          0          0       8034   zf_common_function.o
       250          0          0          0          4       5309   zf_common_interrupt.o
       338         12          0          2          6       3889   zf_device_dm1xa.o
      2744         20          8          0        476       7841   zf_device_gps_tau1201.o
         2          0          0         12          0       1513   zf_device_type.o
       190          0          0          0          0       2005   zf_driver_delay.o
       858         20         43         36          0       5105   zf_driver_gpio.o
      1020         20         42          0          0       8738   zf_driver_pwm.o
       610         24          0          0         16       9736   zf_driver_timer.o
       694          8         43         35          7       8033   zf_driver_uart.o

    ----------------------------------------------------------------------
     20220        148       3916        136       9000     156980   Object Totals
         0          0         32          0       8192          0   (incl. Generated)
       136          0          1          6         13          0   (incl. Padding)

    ----------------------------------------------------------------------

      Code (inc. data)   RO Data    RW Data    ZI Data      Debug   Library Member Name

         0          0          0          0          0          0   entry.o
         0          0          0          0          0          0   entry10a.o
         0          0          0          0          0          0   entry11a.o
         8          4          0          0          0          0   entry4.o
         4          0          0          0          0          0   entry5.o
         0          0          0          0          0          0   entry7b.o
         0          0          0          0          0          0   entry8b.o
         8          4          0          0          0          0   entry9a.o
        30          0          0          0          0          0   handlers.o
        36          8          0          0          0         68   init.o
         0          0          0          0          0          0   iusefp.o
        30          0          0          0          0         68   llshl.o
        36          0          0          0          0         68   llsshr.o
        32          0          0          0          0         68   llushr.o
        36          0          0          0          0         68   memcpya.o
        36          0          0          0          0        108   memseta.o
      2308         96          0          0          0        604   printfa.o
         0          0          0          4          0          0   stdout.o
        20          0          0          0          0         68   strchr.o
        14          0          0          0          0         68   strlen.o
        30          0          0          0          0         80   strncmp.o
        24          0          0          0          0         76   strncpy.o
        44          0          0          0          0         80   uidiv.o
        98          0          0          0          0         92   uldiv.o
        48          0          0          0          0         68   cdrcmple.o
        56          0          0          0          0         88   d2f.o
       334          0          0          0          0        148   dadd.o
        54          0          0          0          0         80   dcmplt.o
       222          0          0          0          0        100   ddiv.o
       186          0          0          0          0        176   depilogue.o
        62          0          0          0          0         80   dfixi.o
        48          0          0          0          0         68   dfixul.o
        34          0          0          0          0         76   dflti.o
       228          0          0          0          0         96   dmul.o
        38          0          0          0          0         68   f2d.o
       110          0          0          0          0        168   fepilogue.o

    ----------------------------------------------------------------------
      4216        112          0          4          0       2732   Library Totals
         2          0          0          0          0          0   (incl. Padding)

    ----------------------------------------------------------------------

      Code (inc. data)   RO Data    RW Data    ZI Data      Debug   Library Name

      2794        112          0          4          0       1516   mc_w.l
      1420          0          0          0          0       1216   mf_w.l

    ----------------------------------------------------------------------
      4216        112          0          4          0       2732   Library Totals

    ----------------------------------------------------------------------

==============================================================================


      Code (inc. data)   RO Data    RW Data    ZI Data      Debug   

     24436        260       3916        140       9000     157880   Grand Totals
     24436        260       3916        140       9000     157880   ELF Image Totals
     24436        260       3916        140          0          0   ROM Totals

==============================================================================

    Total RO  Size (Code + RO Data)                28352 (  27.69kB)
    Total RW  Size (RW Data + ZI Data)              9140 (   8.93kB)
    Total ROM Size (Code + RO Data + RW Data)      28492 (  27.82kB)

==============================================================================

